00000000 r 
03f80000 T _start
03f80020 t _undefined_instruction
03f80024 t _software_interrupt
03f80028 t _prefetch_abort
03f8002c t _data_abort
03f80030 t _not_used
03f80034 t _irq
03f80038 t _fiq
03f80040 t _TEXT_BASE
03f80044 T _armboot_start
03f80048 T _bss_start
03f8004c T _bss_end
03f80050 t reset
03f80064 t relocate
03f80084 t copy_loop
03f80094 t stack_setup
03f800a4 t clear_bss
03f800b0 t clbss_l
03f800c4 t _start_armboot
03f800c8 t cpu_init_crit
03f80120 t undefined_instruction
03f80180 t software_interrupt
03f801e0 t prefetch_abort
03f80240 t data_abort
03f802a0 t not_used
03f80300 t irq
03f80360 t fiq
03f803c0 t _TEXT_BASE
03f803c4 T lowlevel_init
03f803c8 T enable_interrupts
03f803cc T disable_interrupts
03f803d4 T bad_mode
03f803f0 T show_regs
03f80530 T do_undefined_instruction
03f80554 T do_software_interrupt
03f80578 T do_prefetch_abort
03f8059c T do_data_abort
03f805c0 T do_not_used
03f805e4 T do_fiq
03f80608 T do_irq
03f8062c t READ_TIMER
03f80660 T set_timer
03f80670 T reset_timer_masked
03f80690 T reset_timer
03f80694 T interrupt_init
03f806d8 T get_timer_masked
03f8070c T get_timer
03f80720 T udelay
03f80788 T udelay_masked
03f807dc T get_ticks
03f807f0 T get_tbclk
03f807fc T reset_cpu
03f80858 t display_banner
03f808c8 t init_baudrate
03f80924 T nand_init
03f80948 T sbrk
03f80980 T raise
03f80984 T hang
03f80998 T start_armboot
03f80bb0 t __fswab16
03f80bc0 t __fswab32
03f80bc8 t startAgainTimeout
03f80bdc t startAgainHandler
03f80be0 t NetCopyIP
03f80be8 t NetReadIP
03f80c04 t PingHandler
03f80c2c t NetWriteIP
03f80c48 t PingTimeout
03f80c64 T NetSetHandler
03f80c74 T NetSetTimeout
03f80ca4 T NetStartAgain
03f80d20 T NetSendPacket
03f80d24 T NetCksum
03f80d58 T NetCksumOk
03f80d78 T NetEthHdrSize
03f80db4 T NetSetEther
03f80e54 T ArpRequest
03f80f34 T ArpTimeoutCheck
03f80fa8 T PingSend
03f810cc T NetSetIP
03f811b0 T NetSendUDPPacket
03f812e8 T copy_filename
03f8132c T ip_to_string
03f81368 T string_to_ip
03f813d0 T VLAN_to_string
03f81424 T string_to_VLAN
03f81468 T print_IPaddr
03f81484 T NetReceive
03f81910 T getenv_IPaddr
03f81920 T getenv_VLAN
03f81930 T NetLoop
03f81d40 t __fswab16
03f81d50 t TftpSend
03f81eb0 t TftpTimeout
03f81f0c t TftpHandler
03f82140 T TftpStart
03f82330 t __fswab16
03f82340 t __fswab32
03f82348 t truncate_sz
03f8237c t NetCopyLong
03f82384 t NetCopyIP
03f8238c t NetReadLong
03f823a8 t DhcpOptionsProcess
03f82514 t DhcpExtended
03f8266c t BootpCopyNetParams
03f82718 t DhcpHandler
03f82a1c t NetWriteIP.clone.0
03f82a38 T BootpRequest
03f82bd4 t BootpTimeout
03f82c1c T DhcpRequest
03f82c20 t RarpHandler
03f82c7c T RarpRequest
03f82d6c t RarpTimeout
03f82db4 T eth_parse_enetaddr
03f82e08 T eth_getenv_enetaddr
03f82e64 T eth_initialize
03f82e80 t __fswab32
03f82e88 t NfsTimeout
03f82eac t basename
03f82eec t dirname
03f82f08 t rpc_add_credentials
03f82fcc t rpc_lookup_reply
03f8306c t nfs_mount_reply
03f83100 t nfs_umountall_reply
03f83184 t nfs_lookup_reply
03f83210 t rpc_req
03f83308 t rpc_lookup_req
03f83368 t nfs_mount_req
03f833fc t nfs_umountall_req
03f83454 t nfs_lookup_req
03f834fc t nfs_read_req
03f8357c t nfs_readlink_req
03f835d4 t NfsSend
03f8365c t nfs_readlink_reply
03f83754 t nfs_read_reply.clone.0
03f8388c t NfsHandler
03f83a64 T NfsStart
03f83c8c t delete_char.clone.0
03f83d68 T readline
03f83f58 T run_command
03f84388 T main_loop
03f8457c T do_run
03f845fc t __fswab32
03f84604 T autoscript
03f8476c T do_autoscript
03f847ac t print_num
03f847c4 T do_bdinfo
03f84898 T do_go
03f84918 t __fswab32
03f84920 t zfree
03f84928 t zalloc
03f84938 T do_bootd
03f8495c T print_image_hdr
03f84ab4 t do_imls
03f84be0 t image_info
03f84cd0 T do_iminfo
03f84d30 T gunzip
03f84e7c T do_bootm
03f8538c T do_coninfo
03f8545c T get_dev
03f854e4 T do_fat_fsinfo
03f855bc T do_fat_ls
03f856c4 T do_fat_fsstore
03f85834 T do_fat_fsload
03f859b4 t flash_fill_sect_ranges
03f85b7c t addr_spec
03f85cfc t abbrev_spec
03f85e58 T do_flinfo
03f85f00 T flash_sect_erase
03f85fe8 T do_flerase
03f861c4 T flash_sect_protect
03f862c8 T do_protect
03f8656c t __fswab32
03f86574 T do_i2c_loop
03f86688 T do_i2c_probe
03f866d8 T do_i2c_md
03f868c0 T do_i2c_crc
03f86a10 T do_i2c_reg_set
03f86b10 T do_i2c_mw
03f86c40 t mod_i2c_mem.clone.0
03f86e48 T do_i2c_nm
03f86e70 T do_i2c_mm
03f86e98 t __fswab32
03f86ea0 t ide_outb
03f86ec4 t ide_inb
03f86ee8 t ident_cpy
03f86f58 t ide_wait
03f86fa0 T do_diskboot
03f872f0 t input_data.clone.0
03f87328 t ide_ident
03f8741c T ide_read
03f875f8 T ide_init
03f87770 T ide_get_dev
03f87784 T ide_write
03f878e4 T do_ide
03f87ca8 t evalstr
03f87cc4 t evalexp
03f87d0c T binary_test
03f87ecc T do_itest
03f87f78 t bin_data_init
03f87f98 t bin_data_char
03f87fc8 t load_serial
03f881d8 T do_load_serial
03f882b4 T send_pad
03f882e0 T ktrans
03f88300 T chk1
03f88328 T s1_sendpacket
03f8834c T send_ack
03f883a8 T send_nack
03f88404 T k_data_init
03f88424 T k_data_save
03f88450 T k_data_restore
03f8847c T k_data_char
03f884cc T handle_send_packet
03f88690 T do_load_serial_bin
03f88a94 T do_mem_base
03f88ad4 T do_mem_crc
03f88c10 T do_mem_mtest
03f88d34 T cmd_get_data_size
03f88d84 T do_mem_loop
03f88e80 T do_mem_cp
03f8907c T do_mem_cmp
03f89218 T do_mem_mw
03f892e8 t mod_mem.clone.0
03f89440 T do_mem_nm
03f89468 T do_mem_mm
03f89490 T do_mem_md
03f89678 t extract_range
03f896c0 T MII_dump_0_to_5
03f89974 T do_mii
03f89df8 T do_sleep
03f89e88 T do_mmc
03f89f00 T do_mmc_read
03f89fe4 T do_mmc_write
03f8a0c8 t sd_check_ctrlc
03f8a0ec T do_mmc_wait_insert
03f8a188 T memdump
03f8a1e0 T mmc_register_device
03f8a29c T do_mmc_read_img
03f8a580 T do_dma_cp
03f8a760 T free_dma_channels
03f8a778 T isbbtbadblock
03f8a7cc T update_bbt_inram
03f8a808 T toshiba_get_parameter
03f8a810 T do_parseimg
03f8a910 t nand_print
03f8a9c4 T rdmzier
03f8aa24 T rdmzier_oob
03f8aaa8 T get_current_nand_chip
03f8aad0 T WRITE_NAND_COMMAND
03f8aae8 T print_nfc_register
03f8ab50 T print_nand_buf
03f8ac08 T nfc_ecc_set
03f8ad40 T shift_bit
03f8ad68 T NFC_WAIT_READY
03f8ad98 T NAND_WAIT_READY
03f8ade0 T NFC_WAIT_CMD_READY
03f8ae10 T NAND_WAIT_IDLE
03f8ae4c T check_block
03f8af40 T NanD_Address
03f8b0ec T nand_init_pdma
03f8b120 T nand_free_pdma
03f8b13c T nand_alloc_desc_pool
03f8b15c T nand_init_short_desc
03f8b1a0 T nand_init_long_desc
03f8b1fc T nand_config_pdma
03f8b230 T nfc_dma_cfg
03f8b3c0 T nand_pdma_handler
03f8b4a0 T hynix_read_retry_get_para
03f8b68c T get_read_retry_para
03f8b6cc T hynix_read_retry_set_para
03f8b8d8 T set_read_retry_para
03f8b918 T NFC_CHECK_ECC
03f8b97c T nand_read_status
03f8ba00 T nand_read_page
03f8bb84 T wmt_nand_erase
03f8bc3c T nand_page_program
03f8bd34 T eslc_nand_write_block
03f8bf38 T nand_write_block
03f8c110 T eslc_nand_read_block
03f8c1a8 T nand_read_block
03f8c21c T nfc_1bit_ecc_correct
03f8c390 T nfc_1bit_read_page
03f8c3f8 T calculate_ECC_info
03f8c630 T nfc_BCH_ecc_correct
03f8c71c T nfc_BCH_ecc_check
03f8c818 T wmt_nand_reset
03f8c878 T set_ECC_mode
03f8c920 T update_bbt_inflash
03f8cd9c T creat_bbt
03f8cfa8 T nand_readID
03f8d028 T nand_get_feature
03f8d0d8 T nand_set_feature
03f8d180 T wmt_calc_clock
03f8d4c8 T wmt_get_timing
03f8d5ac T get_parameter
03f8d708 T hynix_get_parameter
03f8d908 T set_parameter
03f8da70 T dummy_read
03f8db80 T hynix_set_parameter
03f8dc44 T nand_reset_no_read_status
03f8dca4 T write_bytes_param
03f8de58 T hynix_get_otp
03f8e110 T toshiba_send_data
03f8e224 T toshiba_set_parameter
03f8e298 T toshiba_pre_condition
03f8e300 T nfc_BCH_read_page
03f8e718 T read_retry_param_from_nand
03f8e8d0 T write_retry_param_to_nand
03f8ea18 T get_pattern_small
03f8eaac T get_pattern_large
03f8eb40 T WMT_check_pattern
03f8ebe8 T find_bbt
03f8ee14 T nand_probe
03f8f798 T check_block_table
03f8f8a4 T nand_erase
03f8f9f8 T WMTLoadImageFormNAND
03f8fbe8 T nand_boot
03f8fdbc T eslc_load_image
03f8fff8 T WMTSaveImageToNAND
03f9038c T eslc_save_image
03f907b0 T WMTEraseNAND
03f90b04 T tellme_whereistable
03f90bd0 T tellme_badblock
03f90cb4 T WMTEraseNANDALL
03f90d7c T tellme_nandinfo
03f90ebc T do_nand
03f918a0 T do_ping
03f91930 t netboot_common
03f91bd8 T do_nfs
03f91be4 T do_dhcp
03f91bf0 T do_rarpb
03f91bfc T do_tftpb
03f91c08 T do_bootp
03f91c14 t envmatch
03f91c88 T do_saveenv
03f91cb4 T do_printenv
03f91e60 T _do_setenv
03f922bc T do_setenv
03f922f8 T setenv
03f9232c T getenv
03f923ac T getenv_r
03f92468 t __fswab32
03f92470 T do_usbboot
03f9282c T usb_get_class_desc
03f928d8 T usb_display_class_sub
03f92a4c T usb_display_string
03f92a80 T usb_display_desc
03f92ba8 T usb_display_conf_desc
03f92c54 T usb_display_if_desc
03f92cdc T usb_display_ep_desc
03f92d90 T usb_display_config
03f92e20 T usb_show_tree_graph
03f9302c T usb_show_tree
03f9305c T do_usb
03f934d8 T do_echo
03f93558 T do_version
03f93578 T var_complete
03f93600 T do_exit
03f93630 T do_test
03f93a98 T find_cmd
03f93b2c T do_help
03f93cec t install_auto_complete_handler.clone.1
03f93d08 T install_auto_complete
03f93d34 T cmd_auto_complete
03f941ac t console_setfile
03f94250 T serial_printf
03f94294 T fgetc
03f942c0 T ftstc
03f942ec T fputc
03f94314 T fputs
03f9433c T fprintf
03f94384 T getc
03f9439c T tstc
03f943b4 T putc
03f943d0 T puts
03f943ec T printf
03f94430 T vprintf
03f94464 T ctrlc
03f944b0 T disable_ctrlc
03f944c8 T had_ctrlc
03f944d8 T clear_ctrlc
03f944ec T dbg
03f944f8 T console_assign
03f94588 T console_init_f
03f94598 T console_init_r
03f94728 T device_register
03f9474c T devices_init
03f94828 T devices_done
03f94844 T malloc_bin_reloc
03f94880 T malloc_trim
03f94950 T free
03f94b78 T cfree
03f94b7c T malloc
03f950f4 T calloc
03f951d0 T memalign
03f952e0 T pvalloc
03f952f8 T valloc
03f95304 T realloc
03f95754 T malloc_usable_size
03f95794 T mallopt
03f95808 T env_get_char_memory
03f9582c t env_get_char_init
03f9584c T env_crc_update
03f95874 T env_get_addr
03f95898 T env_relocate
03f95934 T env_complete
03f95a70 T env_get_char_spec
03f95a7c T env_init
03f95b80 T saveenv
03f95cc8 T env_relocate_spec
03f95e04 t dummy
03f95e08 T get_version
03f95e10 T jumptable_init
03f95eb8 t display_set_pwm
03f95f94 T display_init
03f960d4 T display_clear
03f960e0 t wmt_display_main
03f96310 t rgb2color565
03f96328 t rgb2color888
03f96334 t putcolor2fb16
03f9634c t putcolor2fb32
03f96364 T mv_initPrimary
03f963f8 T mv_drawLine
03f96494 T mv_drawRect
03f96500 T mv_fillRect
03f9655c T mv_le_to_cpu
03f9657c T mv_loadBmp
03f96900 T mv_textOut
03f96a98 T vpp_mod_init
03f96ab0 T vpp_device_init
03f96ae4 T wmt_graphic_init
03f96fec T excute_reg_op
03f970d0 t wmt_do_mbit
03f9710c t atoi
03f97190 T do_textout
03f97364 T parse_gpio_operation
03f97430 T parse_pwm_params
03f976a0 T flash_protect
03f97770 T addr2info
03f977e0 T flash_write
03f9793c T flash_perror
03f97a1c t b_reset
03f97a38 t static_get
03f97a54 t static_peek
03f97a60 t file_peek
03f97a6c t setup_string_in_str
03f97a98 t is_assignment
03f97aec t file_get
03f97cb4 t syntax_err
03f97cc0 t xmalloc
03f97ce0 t free_pipe_list
03f97dc8 t b_free
03f97dec t xrealloc
03f97e0c t done_command
03f97e94 t insert_var_value
03f98040 t b_addchr
03f980b8 t b_addqchr
03f98104 t set_local_var.clone.3
03f98288 T simple_itoa
03f982e4 T new_pipe
03f9830c t initialize_context
03f98344 t done_pipe
03f98390 T reserved_word
03f984c4 t done_word
03f98630 T mapset
03f98654 T update_ifs_map
03f986c4 T parse_string_outer
03f98784 t run_list_real
03f98f78 t parse_stream_outer
03f99518 T parse_file_outer
03f9955c T u_boot_hush_start
03f995d4 T NewHandle
03f99630 T DisposeHandle
03f99650 T GetHandleSize
03f99658 T SetHandleSize
03f996d4 T ListCreate
03f99734 T ListSetAllocationPolicy
03f99748 T ListDispose
03f9974c T ListInsertItems
03f99910 T ListInsertItem
03f99918 T ListGetItems
03f99954 T ListGetPtrToItem
03f99980 T ListGetDataPtr
03f9998c T ListGetItemSize
03f99998 T ListNumItems
03f999a4 T miiphy_init
03f999c0 T miiphy_register
03f99a9c T miiphy_set_current_dev
03f99af8 T miiphy_get_current_dev
03f99b10 T miiphy_read
03f99b9c T miiphy_write
03f99c28 T miiphy_listdev
03f99c90 T miiphy_info
03f99d14 T miiphy_reset
03f99db4 T miiphy_speed
03f99e34 T miiphy_duplex
03f99eb4 t hex1_bin
03f99ef4 t hex2_bin
03f99f28 T srec_decode
03f9a194 t usb_set_maxpacket_ep
03f9a1dc T wait_ms
03f9a1fc T usb_disable_asynch
03f9a21c T usb_submit_int_msg
03f9a220 T usb_control_msg
03f9a31c T usb_bulk_msg
03f9a38c T usb_maxpacket
03f9a3ac T usb_set_maxpacket
03f9a3e8 T usb_parse_config
03f9a538 T usb_clear_halt
03f9a5d4 T usb_get_descriptor
03f9a630 T usb_get_configuration_no
03f9a6c4 T usb_set_address
03f9a704 T usb_set_interface
03f9a7b8 T usb_set_configuration
03f9a830 T usb_set_protocol
03f9a880 T usb_set_idle
03f9a8d8 T usb_get_report
03f9a93c T usb_get_class_descriptor
03f9a9a0 T usb_get_string
03f9aa24 t usb_string_sub
03f9ab1c T usb_string
03f9ac20 T usb_get_dev_index
03f9ac4c T usb_alloc_new_device
03f9ad7c T usb_get_hub_descriptor
03f9add0 T usb_clear_hub_feature
03f9ae1c T usb_clear_port_feature
03f9ae6c T usb_set_port_feature
03f9aebc t usb_hub_power_on
03f9af00 T usb_get_hub_status
03f9af4c T usb_get_port_status
03f9af9c T usb_hub_reset
03f9afb0 T usb_stop
03f9afec T usb_hub_allocate
03f9b030 T hub_port_reset
03f9b0d0 T usb_new_device
03f9b3ac T usb_scan_devices
03f9b450 T usb_init
03f9b4f0 T usb_hub_port_connect_change
03f9b60c T usb_hub_configure
03f9b808 T usb_hub_probe
03f9b860 T portspeed
03f9b894 t usb_stor_irq
03f9b8b0 t usb_stor_BBB_reset
03f9b994 t usb_stor_CB_reset
03f9ba74 t usb_request_sense.clone.3
03f9baf8 t usb_test_unit_ready.clone.4
03f9bb74 T usb_stor_get_dev
03f9bb88 T usb_show_progress
03f9bb94 T usb_stor_read
03f9bd7c T usb_stor_info
03f9bde4 T usb_stor_BBB_comdat
03f9bebc T usb_stor_CB_comdat
03f9c108 T usb_stor_CBI_get_status
03f9c1d8 T usb_stor_CB_transport
03f9c3d8 T usb_stor_BBB_clear_endpt_stall
03f9c424 T usb_stor_BBB_transport
03f9c5dc T usb_storage_probe
03f9c7b8 T usb_stor_get_info
03f9c9f0 T usb_stor_scan
03f9cbe4 T lcd_blt_set_level
03f9cbe8 T lcd_blt_set_freq
03f9cbec T pwm_set_control
03f9cc2c T pwm_set_scalar
03f9cc68 T pwm_set_period
03f9cca4 T pwm_set_duty
03f9cce0 T pwm_get_period
03f9ccf8 T pwm_get_duty
03f9cd10 T set_lcd_power
03f9cd9c T pwm_set_gpio
03f9ce68 T pwm_set_enable
03f9cec4 T lcd_blt_enable
03f9cec8 T lcd_blt_set_pwm
03f9cfa4 T govrh_mod_suspend
03f9cfa8 T govrh_mod_resume
03f9cfac T govrh2_mod_suspend
03f9cfb0 T govrh2_mod_resume
03f9cfb4 T govrh_set_tg_enable
03f9cff0 T govrh_set_clock
03f9d078 T govrh_set_tg1
03f9d0f4 T govrh_get_tg_mode
03f9d104 T govrh_set_tg2
03f9d174 T govrh_get_tg
03f9d20c T govrh2_mod_get_tg
03f9d220 T govrh_mod_get_tg
03f9d234 T govrh_get_hscale_up
03f9d244 T govrh_set_direct_path
03f9d250 T govrh_get_int_status
03f9d264 T govrh2_mod_get_sts
03f9d274 T govrh_mod_get_sts
03f9d284 T govrh_clean_int_status
03f9d2a0 T govrh2_mod_clr_sts
03f9d2b4 T govrh_mod_clr_sts
03f9d2c8 T govrh_set_int_enable
03f9d2f4 T govrh_set_dvo_enable
03f9d360 T govrh_set_dvo_sync_polar
03f9d380 T govrh_get_dvo_color_format
03f9d3ac T govrh_set_dvo_color_format
03f9d400 T govrh_set_dvo_outdatw
03f9d41c T govrh_set_dvo_clock_delay
03f9d448 T govrh_set_colorbar
03f9d474 T govrh2_mod_set_colorbar
03f9d4a0 T govrh_mod_set_colorbar
03f9d4cc T govrh_set_contrast
03f9d4fc T govrh_get_contrast
03f9d50c T govrh_set_brightness
03f9d518 T govrh_get_brightness
03f9d524 T govrh_set_MIF_enable
03f9d538 T govrh2_mod_set_enable
03f9d54c T govrh_mod_set_enable
03f9d560 T govrh_get_MIF_enable
03f9d570 T govrh_set_frame_mode
03f9d5c8 T govrh_set_color_format
03f9d680 T govrh2_mod_set_color_fmt
03f9d694 T govrh_mod_set_color_fmt
03f9d6a8 T govrh_get_color_format
03f9d6fc T govrh2_mod_get_color_fmt
03f9d70c T govrh_mod_get_color_fmt
03f9d71c T govrh_reg_dump
03f9daf8 T govrh2_mod_dump_reg
03f9db08 T govrh_mod_dump_reg
03f9db18 T govrh_set_source_format
03f9db30 T govrh_set_output_format
03f9db48 T govrh_set_fb_addr
03f9db58 T govrh2_mod_set_addr
03f9db74 T govrh_mod_set_addr
03f9db90 T govrh_get_fb_addr
03f9dba8 T govrh2_mod_get_addr
03f9dbc4 T govrh_mod_get_addr
03f9dbe0 T govrh_set_fb2_addr
03f9dbf0 T govrh_get_fb2_addr
03f9dc08 T govrh_set_fb_width
03f9dc14 T govrh_set_fb_info
03f9dc50 T govrh_get_fb_info
03f9dc7c T govrh_set_fifo_index
03f9dc88 T govrh_set_reg_level
03f9dca4 T govrh_set_reg_update
03f9dcb8 T govrh_set_tg
03f9dcfc T govrh2_mod_set_tg
03f9dd18 T govrh_mod_set_tg
03f9dd34 T govrh_set_timing
03f9de98 T govrh_set_csc_mode
03f9e05c T govrh2_mod_set_csc
03f9e070 T govrh_mod_set_csc
03f9e084 T govrh_set_framebuffer
03f9e0f0 T govrh2_mod_set_framebuf
03f9e104 T govrh_mod_set_framebuf
03f9e118 T govrh_init
03f9e1cc T govrh_get_framebuffer
03f9e248 T govrh_set_media_format
03f9e25c T govrh_HDMI_set_blank_value
03f9e274 T govrh_HDMI_set_3D_mode
03f9e288 T govrh_is_top_field
03f9e29c T govrh_IGS_set_mode
03f9e2e4 T govrh_IGS_set_RGB_swap
03f9e2f8 T govrh_suspend
03f9e2fc T govrh_resume
03f9e300 T govrh_mod_init
03f9e5bc T vout_print_entry
03f9e6d8 T vout_register
03f9e70c T vout_get_entry
03f9e724 T vout_get_info_entry
03f9e77c T vout_change_status
03f9e7b0 T vout_query_inf_support
03f9e7f0 T vout_inf_register
03f9e860 T vout_inf_get_entry
03f9e8a0 T vout_device_register
03f9e8e0 T vout_get_device
03f9e8f8 T vout_get_entry_adapter
03f9e914 T vout_get_inf_entry_adapter
03f9e960 T vout_info_add_entry
03f9eaac T vout_info_get_entry
03f9eb04 T vout_info_set_fixed_timing
03f9eb18 T vout_check_ratio_16_9
03f9eb38 T vout_find_edid_support_mode
03f9ec74 T vout_set_framebuffer
03f9ecf0 T vout_set_tg_enable
03f9ed5c T vout_set_blank
03f9ee68 T vout_set_mode
03f9ef54 T vout_chkplug
03f9efd4 T vout_inf_chkplug
03f9f02c T vout_get_edid
03f9f0ec T vout_find_video_mode
03f9f37c T vout_config
03f9f48c T vout_check_info
03f9f510 T vout_get_edid_option
03f9f55c T vout_get_mask
03f9f598 T lcd_check_plugin
03f9f5b0 T lcd_get_edid
03f9f5b8 T lcd_config
03f9f5ec T lcd_init
03f9f6f8 T lcd_set_power_down
03f9f710 T lcd_set_parm
03f9f764 T lcd_get_dev
03f9f780 T lcd_panel_register
03f9f7ac T lcd_get_parm
03f9f7dc T lcd_transmitter_register
03f9f81c T get_lcd_setting
03f9f98c T transmitter_enable
03f9f9f4 T lcd_set_mode
03f9fba8 T lcd_module_init
03f9fbe0 T lvds_set_power_down
03f9fc24 T lvds_set_enable
03f9fc98 T lvds_get_enable
03f9fcac T lvds_set_rgb_type
03f9fd04 T lvds_get_colfmt
03f9fd0c T lvds_set_sync_polar
03f9fd44 T lvds_reg_dump
03f9fe98 T lvds_init
03f9ff38 T vpp_get_chipid
03f9ff48 T vpp_cache_sync
03f9ff4c T vpp_set_dbg_gpio
03fa0014 T vpp_check_dbg_level
03fa0058 T vpp_mod_unregister
03fa00a8 T vpp_mod_register
03fa015c T vpp_mod_get_base
03fa0178 T vpp_mod_get_fb_base
03fa018c T vpp_mod_get_framebuf
03fa01a0 T vpp_mod_set_clock
03fa0218 T vpp_get_fb_field
03fa0224 T vpp_get_base_clock
03fa0254 T vpp_calculate_diff
03fa0264 T vpp_check_value
03fa0284 T vpp_show_timing
03fa034c T vpp_show_framebuf
03fa03ec T vpp_show_view
03fa0460 T vpp_trans_timing
03fa05bc T vpp_mod_set_timing
03fa0648 T vpp_check_csc_mode
03fa0690 T vpp_get_gcd
03fa06a8 T vpp_check_scale_ratio
03fa07f4 T vpp_calculate_scale_ratio
03fa09c4 T vpp_check_bilinear_arg
03fa0a8c T vpp_get_video_mode_fps
03fa0b30 T vpp_get_video_mode
03fa0ce8 T vpp_get_video_mode_ext
03fa0d14 T vpp_set_video_quality
03fa0d18 T vpp_set_vppm_int_enable
03fa0d1c T vpp_reg_dump
03fa0d90 T vpp_convert_colfmt
03fa0f04 T vpp_backup_reg
03fa0f54 T vpp_restore_reg
03fa0f94 T vpp_backup_reg2
03fa0fc0 T vpp_restore_reg2
03fa0ff0 T vpp_get_sys_parameter
03fa1238 T vpp_init
03fa1458 T vpp_config
03fa15c4 T vpp_get_colfmt_bpp
03fa1660 T vpp_clr_framebuf
03fa173c T vpp_calc_align
03fa1764 T vpp_calc_fb_width
03fa17a4 T hdmi_reg32_write
03fa17fc T hdmi_ecc
03fa18fc T hdmi_checksum
03fa1948 T hdmi_set_enable
03fa1978 T hdmi_set_dvi_enable
03fa1990 T hdmi_set_sync_low_active
03fa19c8 T hdmi_set_output_colfmt
03fa1a1c T hdmi_get_output_colfmt
03fa1a54 T hdmi_get_plugin
03fa1a68 T hdmi_get_plug_status
03fa1a80 T hdmi_clear_plug_status
03fa1ab4 T hdmi_enable_plugin
03fa1aec T hdmi_write_fifo
03fa1b68 T hdmi_read_fifo
03fa1bd4 T hdmi_DDC_check_status
03fa1c88 T hdmi_DDC_set_freq
03fa1cbc T hdmi_DDC_reset
03fa1cf8 T hdmi_DDC_read_func
03fa1fa4 T hdmi_DDC_read
03fa1ffc T hdmi_audio_enable
03fa2014 T hdmi_audio_mute
03fa202c T hdmi_write_packet
03fa20e8 T hdmi_tx_null_packet
03fa20f8 T hdmi_tx_general_control_packet
03fa213c T hdmi_get_pic_aspect
03fa215c T hdmi_tx_avi_infoframe_packet
03fa2218 T hdmi_tx_audio_infoframe_packet
03fa2288 T hdmi_tx_vendor_specific_infoframe_packet
03fa2338 T hdmi_set_audio_n_cts
03fa23e4 T hdmi_config_audio
03fa25c0 T hdmi_config_video
03fa25e0 T hdmi_set_option
03fa2664 T hdmi_config
03fa27ac T hdmi_set_cp_enable
03fa27e4 T hdmi_poll_cp_status
03fa2808 T hdmi_check_cp_int
03fa282c T hdmi_get_bksv
03fa2850 T hdmi_check_plugin
03fa28e0 T hdmi_reg_dump
03fa3170 T hdmi_set_cypher
03fa31b4 T hdmi_init
03fa331c t block_type
03fa3358 T edid_dump
03fa33b8 T edid_checksum
03fa33e4 T edid_parse
03fa4ca8 T edid_find_support
03fa4eb4 T edid_get_hdmi_phy_addr
03fa4ecc t vo_dvi_config
03fa4ed4 t vo_dvi_chkplug
03fa4edc t vo_lvds_chkplug
03fa4ee4 t vo_lvds_config
03fa4f08 t vo_lvds_blank
03fa4f40 t vo_hdmi_get_edid
03fa5010 t vo_hdmi_chkplug
03fa5014 t vo_dvi_get_edid
03fa50d0 t vo_dvi_blank
03fa5118 t vo_plug_enable.clone.0
03fa514c t vo_dvi_uninit
03fa5174 t vo_dvi_init
03fa5278 T vo_i2c_proc
03fa530c T vout_set_int_type
03fa533c T vo_dvi_initial
03fa5358 T vo_hdmi_set_clock
03fa53a8 t vo_lvds_uninit
03fa53f4 t vo_lvds_init
03fa5470 t vo_hdmi_uninit
03fa549c t vo_hdmi_init
03fa54fc T vo_hdmi_cp_set_enable_tmr
03fa5524 t vo_hdmi_blank
03fa557c t vo_hdmi_config
03fa568c T vo_hdmi_initial
03fa56a8 T vo_lvds_initial
03fa56c4 T vout_init_param
03fa57c8 T vout_check_display_info
03fa5b48 T vout_check_ext_device
03fa5ebc T vout_check_monitor_resolution
03fa6034 T vout_init
03fa6190 T vout_exit
03fa6198 T lcd_lvds_get_parm
03fa61a4 t lcd_lvds_initial
03fa61b0 T lcd_get_lvds_parm
03fa621c T lcd_lvds_init
03fa622c T lcd_ttl_get_parm
03fa6238 t lcd_ttl_initial
03fa6244 T lcd_get_ttl_parm
03fa62b0 T lcd_ttl_init
03fa62c0 T vt1632_config
03fa62c8 T vt1632_get_edid
03fa62d0 T vt1632_set_power_down
03fa633c T vt1632_set_mode
03fa63c0 T vt1632_init
03fa645c T vt1632_check_plugin
03fa64d0 T vt1632_interrupt
03fa64d8 T vt1632_module_init
03fa64f0 T sil902x_module_init
03fa64f8 T ve_ch7305_init
03fa6560 T ve_ch7305_power_off
03fa65fc T ve_ch7305_power_on
03fa6698 T print_reg
03fa6740 T ve_ch7305_set_mode
03fa69c4 T ch7305_module_init
03fa69dc T wmt_write_ostc
03fa6a20 T wmt_init_ost
03fa6a80 T wmt_read_ostc
03fa6b18 T wmt_delayus
03fa6b5c T inl
03fa6b64 T outl
03fa6b6c T vppif_reg8_in
03fa6b74 T vppif_reg8_out
03fa6b80 T vppif_reg16_in
03fa6b88 T vppif_reg16_out
03fa6b94 T vppif_reg32_in
03fa6b98 T vppif_reg32_out
03fa6bb8 T vppif_reg32_write
03fa6bf0 T vppif_reg32_read
03fa6c0c T vppif_reg32_mask
03fa6c14 T vpp_request_irq
03fa6c1c T vpp_free_irq
03fa6c20 T wmt_getsyspara
03fa6c78 T vpp_parse_param
03fa6d0c T vpp_lock
03fa6d10 T vpp_unlock
03fa6d14 T vpp_i2c_xfer
03fa6d18 T vpp_i2c_init
03fa6d2c T vpp_i2c_release
03fa6d34 T vpp_i2c_set_lock
03fa6d38 T vpp_i2c_enhanced_ddc_read
03fa6e4c T vpp_i2c_read
03fa6f38 T vpp_i2c_write
03fa7010 T DelayMS
03fa701c t wmt_swi2c_delay.clone.0
03fa7024 T wmt_swi2c_lock
03fa7028 T wmt_swi2c_delay
03fa702c T wmt_swi2c_SetSDAInput
03fa7068 T wmt_swi2c_SetSDAOutput
03fa70a4 T wmt_swi2c_GetSDA
03fa70cc T wmt_swi2c_GetSCL
03fa70f4 T wmt_swi2c_SetSDA
03fa719c T wmt_swi2c_SetSCL
03fa7244 T wmt_swi2c_SetData
03fa7290 T wmt_swi2c_SetClock
03fa72e8 T wmt_swi2c_StartI2C
03fa7344 T wmt_swi2c_StopI2C
03fa739c T wmt_swi2c_WriteAck
03fa7420 T wmt_swi2c_ReadAck
03fa74ec T wmt_swi2c_tx
03fa7548 T wmt_swi2c_rx
03fa75b0 T wmt_swi2c_reg_bk
03fa761c T wmt_swi2c_read
03fa76f0 T wmt_swi2c_write
03fa779c T wmt_swi2c_check
03fa78d0 T crc32
03fa79d4 T display_options
03fa79f4 T print_size
03fa7a90 t __tolower
03fa7aac T strnicmp
03fa7b20 T strcpy
03fa7b38 T strncpy
03fa7b58 T strcat
03fa7b84 T strncat
03fa7bcc T strcmp
03fa7bf4 T strncmp
03fa7c30 T strchr
03fa7c64 T strlen
03fa7c80 T strrchr
03fa7cbc T strnlen
03fa7ce0 T strdup
03fa7d14 T strspn
03fa7d54 T strpbrk
03fa7d90 T strtok
03fa7e08 T strsep
03fa7e3c T strswab
03fa7e88 T memset
03fa7ea0 T bcopy
03fa7ec0 T memcpy
03fa7edc T memmove
03fa7f20 T memcmp
03fa7f58 T memscan
03fa7f80 T strstr
03fa7fe0 T memchr
03fa8014 t __toupper
03fa8030 t skip_atoi
03fa8068 t number
03fa8270 T simple_strtoul
03fa8328 T simple_strtol
03fa8350 T simple_strtoull
03fa8438 T vsprintf
03fa8804 T sprintf
03fa8828 T panic
03fa8874 t falloc
03fa8898 t ffree
03fa889c t inflate_trees_free
03fa88d8 t huft_build
03fa8e20 t inflate_trees_fixed
03fa8ff8 t inflate_codes_new
03fa9048 t inflate_codes_free
03fa9068 t inflate_blocks_reset
03fa9130 T adler32
03fa9298 t inflate_flush
03fa9404 T inflateReset
03fa9460 T inflateEnd
03fa94f4 T inflateInit2
03fa9644 T inflateInit
03fa964c T inflate
03fab1c8 T inflateIncomp
03fab2f8 T inflateSync
03fab3f4 T board_init
03fab41c T misc_init_r
03fab424 T dram_init
03fab440 T __aeabi_unwind_cpp_pr0
03fab444 T get_boot_flash_type
03fab4dc T get_boot_nor_flash_bit_type
03fab50c T get_boot_nand_flash_bit_type
03fab550 T flash_init
03fab77c T flash_print_info
03fab7c8 T flash_erase
03fab81c T write_buff
03fab884 T wmt_post
03fab8a8 t flash_error
03fab974 T spi_flash_init
03fabc74 T spi_flash_print_info
03fabd2c T spi_flash_erase
03fabf10 T spi_write_buff
03fabf6c T nand_flash_init
03fabf74 T nand_flash_print_info
03fabf78 T nand_flash_erase
03fabf80 T nand_write_buff
03fabf88 t flash_reset
03fabfc4 T nor_flash_8b_init
03fac494 T nor_flash_8b_print_info
03fac77c T nor_flash_8b_erase
03fac9f0 T nor_flash_8b_write_buff
03facc94 t __fswab16
03facca4 t flash_reset
03faccc4 T nor_flash_16b_init
03fad5c0 T nor_flash_16b_print_info
03fad804 T nor_flash_16b_erase
03fada7c T nor_flash_16b_write_buff
03faddc8 t check_PLL_DIV_busy
03faddec t calc_pll_num
03fae0e4 t enable_dev_clk
03fae158 T auto_pll_divisor
03faea78 T manu_pll_divisor
03faec34 t ehci_td_buffer
03faec8c t ehci_alloc.clone.1
03faecf8 t handshake.clone.2
03faed40 t ehci_reset
03faed90 T ehci_submit_root
03faf20c T ehci_hcd_init
03faf230 T ehci_hcd_stop
03faf240 T usb_lowlevel_stop
03faf244 T strtochar
03faf26c T ehci_config_port_owner
03faf408 T ehci_disable_port_owner
03faf48c T ehci_detect_device
03faf554 T ehci_enable_port
03faf63c T usb_ehci_initial
03faf66c T submit_int_msg
03faf674 T usb_check_td
03faf6bc T usb_check_bulk_td
03faf710 t ehci_submit_async
03fafa88 T submit_control_msg
03fafab8 T submit_bulk_msg
03fafaec T parse_usb_param
03fafba0 T usb_lowlevel_init
03fafd04 t usb_display_wValue
03fafde0 T usb_fill_td
03fafe00 T usb_fill_qh
03fafe20 T usb_uhci_td_stat
03fafe74 T usb_get_td_status
03faff30 T submit_uhci_control_msg
03fb00d0 T submit_uhci_bulk_msg
03fb0254 T uhci_alloc_int_td
03fb0294 T submit_uhci_int_msg
03fb0388 T reset_hc
03fb03c8 T start_hc
03fb0548 T reset_hc2
03fb0588 T start_hc2
03fb06f4 T usb_init_skel
03fb0834 T usb_check_skel
03fb089c T usb_check_int_chain
03fb0980 T handle_usb_interrupt
03fb09dc T uhci_lowlevel_init
03fb0a90 T uhci_lowlevel_stop
03fb0ac4 T uhci_submit_rh_msg
03fb114c t i2c_irq_handler
03fb11ac T i2c_init
03fb12a0 T i2c_transfer
03fb1648 T i2c_probe
03fb1650 T i2c_read
03fb16ec T i2c_write
03fb17a0 T i2c_reg_read
03fb17c0 T i2c_reg_write
03fb17e0 T wmt_i2c_transfer
03fb1838 t i2c_irq_handler
03fb1898 T i2c1_init
03fb1950 T i2c1_transfer
03fb1cf8 T i2c1_probe
03fb1d00 T i2c1_read
03fb1d9c T i2c1_write
03fb1e50 T i2c1_reg_read
03fb1e70 T i2c1_reg_write
03fb1e90 t i2c_irq_handler
03fb1ef0 T i2c2_init
03fb1f9c T i2c2_transfer
03fb2344 T i2c2_probe
03fb234c T i2c2_read
03fb23e8 T i2c2_write
03fb249c T i2c2_reg_read
03fb24bc T i2c2_reg_write
03fb24dc t i2c_irq_handler
03fb253c T i2c3_init
03fb25f0 T i2c3_transfer
03fb2998 T i2c3_probe
03fb29a0 T i2c3_read
03fb2a3c T i2c3_write
03fb2af0 T i2c3_reg_read
03fb2b10 T i2c3_reg_write
03fb2b30 t read_p15_c1
03fb2b38 t write_p15_c1
03fb2b40 t cp_delay
03fb2b6c T cpu_init
03fb2b74 T cleanup_before_linux
03fb2ba8 T do_reset
03fb2bc0 T icache_enable
03fb2bdc T icache_disable
03fb2bf8 T icache_status
03fb2c08 T serial_putc
03fb2c38 T serial_puts
03fb2c58 T serial_getc
03fb2c7c T serial_tstc
03fb2c94 T serial_setbrg
03fb2d64 T serial_init
03fb2d90 T eth_init
03fb2d94 T eth_send
03fb2d98 T eth_rx
03fb2d9c T eth_halt
03fb2da0 T wmt_miiphy_read
03fb2db0 T wmt_miiphy_write
03fb2dc0 T wmt_miiphy_initialize
03fb2dc8 T mac_startio
03fb2e84 T mac_send
03fb2ff8 T mac_receive
03fb30fc T mac_halt
03fb3100 T mii_read
03fb3130 T mii_write
03fb3160 T ADPbShutdown
03fb31a4 T ADPuInitAll
03fb3430 T CARDvSetLoopbackMode
03fb345c T CARDvSetMediaLinkMode
03fb364c T ADPbInitializeEx
03fb3798 T ADPbBind
03fb3878 T ALCbAllocateRdrMemory
03fb3948 T ALCbAllocateTdrBuffer
03fb39cc T ALCbAllocateTdrMemory
03fb3a44 T ALCvChainRdrMemory
03fb3ad0 T ALCvChainTdrMemory
03fb3b64 T ALCvFreeRdrMemory
03fb3ba8 T ALCvFreeTdrMemory
03fb3bec T ALCvSetDefaultRD
03fb3bf0 T ALCvSetDefaultTD
03fb3cac T MIIbReadEmbedded
03fb3d18 T MIIbIsRegBitsOn
03fb3d48 T MIIbIsAutoNegotiationOn
03fb3d54 T MIIbIsRegBitsOff
03fb3d80 T MIIbIsInFullDuplexMode
03fb3ea8 T MIIbIsIn100MMode
03fb3fcc T MIIbWriteEmbedded
03fb4034 T MIIvInitialize
03fb4108 T MIIvSetLoopbackMode
03fb4234 T MIIvWaitForNwayCompleted
03fb4294 T MEMvAlign
03fb42d0 T MEMvAllocateShared
03fb432c T MEMvCopy
03fb4330 T MEMvSet
03fb4334 T VPCIvReadB
03fb4344 T VPCIvReadW
03fb4354 T VPCIvReadD
03fb4364 T VPCIvWriteB
03fb4370 T VPCIvRegBitsOff
03fb43a0 T VPCIvRegBitsOn
03fb43d0 T VPCIvInitialize
03fb4408 T VPCIvWriteW
03fb4414 T VPCIvWriteD
03fb4420 T disable_dma
03fb443c T enable_dma
03fb4470 T request_dma
03fb4574 T clear_dma
03fb45e4 T free_dma
03fb466c T setup_dma
03fb4780 T dma_busy
03fb47d0 T dma_complete
03fb4828 T handle_dma_irq
03fb4888 T prepare_dma_descript
03fb4918 T start_dma
03fb4a18 T prepare_dma_long_descript
03fb4a60 T wake_dma_channel
03fb4a80 T add_descript
03fb4aec T init_descriptstack
03fb4b9c T reset_descriptstack
03fb4bdc T free_descriptstack
03fb4c00 T init_dma
03fb4d6c T set_descript
03fb4f1c T handle_transfer
03fb50b0 T Change_SD_host
03fb5228 T SD_Init_PDMA
03fb525c T sd_init_long_desc
03fb52b8 T sd_pdma_handler
03fb5388 T sd_free_pdma
03fb53a4 T card_nop
03fb53a8 T sd_command
03fb54b4 T sd_send_scr
03fb552c T sd_app_command
03fb55c4 T sd_alloc_desc_pool
03fb55cc T sd_init_short_desc
03fb5600 T sd_init_short_desc_with_end
03fb5624 T sd_config_desc
03fb5664 T sd_dump_memory
03fb5668 T sd_config_pdma
03fb56a8 T sdmmcSwitch
03fb5854 T sdmmcSendExCSD
03fb5920 T SD_Init
03fb65c8 T SD_Initialization
03fb6634 T mmc_get_dev
03fb6680 T mmc_block_read_singleblock
03fb6768 T mmc_block_read_multiblock
03fb6a00 T mmc_bread
03fb6a90 T mmc_block_write_singleblock
03fb6be0 T mmc_block_write_multiblock
03fb6e94 T mmc_bwrite
03fb6f2c T mmc_read
03fb6fcc T mmc_write
03fb6fd4 T sd_set_clock
03fb7528 T mmc_ident
03fb7530 T mmc2info
03fb7544 T get_chip_version
03fb75f4 T SD_Controller_Powerup
03fb7ed0 T mmc_init
03fb8144 T SD_card_inserted
03fb81a0 T MACbIsIn100MMode
03fb81d0 T MACbIsRegBitsOff
03fb81e4 T MACbIsCableLinkOk
03fb81f0 T MACbIsRegBitsOn
03fb8208 T MACvIsInFullDuplexMode
03fb8228 T MACbStop
03fb8268 T MACbSafeTxOff
03fb82c0 T MACbyReadEECSR
03fb82c8 T MACbyReadMIICR
03fb82d0 T MACbyReadMultiAddr
03fb82dc T MACvWriteMultiAddr
03fb82e8 T MACvIntDisable
03fb82f8 T MACvIntEnable
03fb8308 T MACvEnableMiiAutoPoll
03fb8354 T MACvSafeDisableMiiAutoPoll
03fb8380 T MACvReadISR
03fb8394 T MACvWriteISR
03fb83a4 T MACvRestoreContext
03fb841c T MACvSaveContext
03fb8490 T MACvSetDmaLength
03fb84a4 T MACvSetDuplexMode
03fb84d0 T MACvSetLoopbackMode
03fb84e4 T MACbSafeRxOff
03fb8574 T MACvSetPacketFilter
03fb85d8 T MACvSetRxThreshold
03fb85fc T MACvGetTxThreshold
03fb861c T MACvSetTxThreshold
03fb8640 T MACvTimer0MicroSDelay
03fb867c T MACvTimer0MiniSDelay
03fb86b8 T MACbSoftwareReset
03fb8728 T MACvInitialize
03fb87dc T MACbSafeSoftwareReset
03fb8820 T MACbSafeStop
03fb8878 T MACvWriteEECSR
03fb8888 T MACbyGetPhyId
03fb8894 t __fswab32
03fb889c t setup_memory_tags
03fb88d8 t setup_start_tag.clone.0
03fb8910 t setup_end_tag.clone.1
03fb892c t setup_commandline_tag.clone.2
03fb89a0 T do_bootm_linux
03fb8ce0 T flush_cache
03fb8ce4 t downcase
03fb8d0c t dirdelim
03fb8d40 t compare_sign
03fb8d70 t slot2str
03fb8e40 t mkcksum
03fb8e70 t get_name
03fb8f38 T disk_read
03fb8f88 t read_bootsectandvi
03fb9070 t get_free_fatent
03fb9190 t get_fatent
03fb92f0 t get_cluster
03fb9378 t get_vfatname
03fb951c T disk_write
03fb956c t set_cluster
03fb9610 t set_fatent
03fb964c T fat_register_device
03fb9798 T do_fat_read
03fba104 T do_fat_write
03fba6f0 T file_fat_detectfs
03fba834 T file_fat_ls
03fba844 T file_fat_read
03fba87c T file_fat_write
03fba8b0 T dev_print
03fbaa50 T init_part
03fbaa6c T get_partition_info
03fbaa94 T print_part
03fbab58 t le32_to_int
03fbab7c t is_extended
03fbaba0 t get_partition_info_extended
03fbadb0 t print_partition_extended
03fbaf7c T test_part_dos
03fbafd0 T print_part_dos
03fbaffc T get_partition_info_dos
03fbb01c T semi_bootloados
03fbb090 T __aeabi_uidiv
03fbb090 T __udivsi3
03fbb090 t .udivsi3_skip_div0_test
03fbb27c T __aeabi_uidivmod
03fbb29c T __aeabi_idiv
03fbb29c T __divsi3
03fbb2a4 t .divsi3_skip_div0_test
03fbb4bc T __aeabi_idivmod
03fbb4dc T __aeabi_llsr
03fbb4dc T __lshrdi3
03fbb4f8 T __aeabi_llsl
03fbb4f8 T __ashldi3
03fbb514 W __aeabi_idiv0
03fbb514 W __aeabi_ldiv0
03fbb524 r C.0.5394
03fbb5a4 R version_string
03fbb5d4 r CSWTCH.55
03fbb620 r CSWTCH.58
03fbb660 r CSWTCH.61
03fbb67c r CSWTCH.64
03fbb688 r CSWTCH.54
03fbb6e0 r C.0.5592
03fbb6f0 r C.155.9919
03fbb700 r C.157.9922
03fbb704 r C.158.9923
03fbb734 r C.147.9852
03fbb744 r C.149.9855
03fbb748 r C.150.9856
03fbb778 r C.151.9857
03fbb7e8 r wmt_rdmz
03fbb7ec r C.35.8124
03fbb7f1 r __FUNCTION__.6280
03fbb7fc r s_fontData
03fbc03c r __FUNCTION__.5231
03fbc050 r CSWTCH.29
03fbc058 r __FUNCTION__.5212
03fbc070 r C.45.8686
03fbc080 r C.33.8375
03fbc128 r __FUNCTION__.6621
03fbc13a r __FUNCTION__.6625
03fbc150 r CSWTCH.32
03fbc170 r __FUNCTION__.6676
03fbc184 r __FUNCTION__.6727
03fbc1a0 r __FUNCTION__.6775
03fbc1ae r __FUNCTION__.6824
03fbc1bc r __FUNCTION__.6787
03fbc1cc r CSWTCH.7
03fbc1dc r CSWTCH.8
03fbc1ec R vpp_video_mode_table
03fbcb4c R hdmi_vic_info
03fbcc20 R vpp_csc_parm
03fbcda8 r CSWTCH.37
03fbcdb4 r CSWTCH.40
03fbcdbc r CSWTCH.43
03fbcdcc r CSWTCH.46
03fbce40 r CSWTCH.49
03fbce44 R edid_v1_descriptor_flag
03fbce46 r __FUNCTION__.6661
03fbce54 R edid_v1_header
03fbce5c r __FUNCTION__.6712
03fbce6d r __FUNCTION__.6666
03fbce7d r __FUNCTION__.6619
03fbce89 r __FUNCTION__.6765
03fbcea1 r __FUNCTION__.6799
03fbceb8 r C.1.7847
03fbced8 r C.1.7845
03fbcef4 r C.7.7950
03fbcef6 r C.0.7869
03fbcf18 r C.1.7874
03fbcf3a r __FUNCTION__.6715
03fbcf54 r __FUNCTION__.6724
03fbcf61 r __FUNCTION__.6738
03fbcf70 r crc_table
03fbd370 r border
03fbd3bc r inflate_mask
03fbd400 r CSWTCH.19
03fbd404 r CSWTCH.22
03fbd408 r CSWTCH.25
03fbd40a r CSWTCH.28
03fbd40c r CSWTCH.15
03fbd668 r C.0.6142
03fc8970 D init_sequence
03fc899c D NetOurVLAN
03fc899e D NetBcastAddr
03fc89a4 D NetOurNativeVLAN
03fc89a8 d nfs_offset
03fc89ac d erase_seq
03fc89b0 d tab_seq
03fc89bc D load_addr
03fc89c0 d i2c_dp_last_length
03fc89c4 d curr_device
03fc89c8 D op_table
03fc8a30 d do_echo
03fc8a34 D dp_last_length
03fc8a38 D reg_0_5_desc_tbl
03fc8a68 D desc_and_len_tbl
03fc8a98 D reg_0_desc_tbl
03fc8b10 D reg_1_desc_tbl
03fc8bd0 D reg_2_desc_tbl
03fc8bdc D reg_3_desc_tbl
03fc8c00 D reg_4_desc_tbl
03fc8c90 D reg_5_desc_tbl
03fc8d20 d mmc_cur_part
03fc8d24 D pDma_Reg
03fc8d28 D rdmz
03fcae28 d curr_device
03fcae2c D eslc_map_table
03fcaeac d mirror_pattern
03fcaeb0 d bbt_pattern
03fcaeb4 d WMT_nand_flash_ids
03fcbc4c D chip_table
03fcc96c d usb_stor_curr_dev
03fcc970 D stdio_names
03fcc97c d av_
03fccd84 d sbrk_base
03fccd88 d trim_threshold
03fccd8c d mmap_threshold
03fccd90 D default_environment
03fccec4 D env_get_char
03fccec8 d flash_addr
03fccecc d flash_addr_new
03fcced0 d end_addr
03fcced4 d end_addr_new
03fcced8 D env_ptr
03fccedc D env_name_spec
03fccee0 D vfb_var
03fccf80 D video_str
03fccfa0 D text_x
03fccfa4 D text_y
03fccfa8 d reserved_list
03fcd02c D us_direction
03fcd04c D CBWTag
03fcd050 D vout_inf_str
03fcd068 D vout_adpt_str
03fcd08c D lcd_panel_id
03fcd090 D lcd_vout_dev_ops
03fcd0d0 D lcd_panel_on
03fcd0d4 D vpp_colfmt_str
03fcd108 D vpp_vo_boot_arg
03fcd120 D vpp_vo_boot_arg2
03fcd138 D vpp_vpath_str
03fcd158 D vpp_mod_str
03fcd190 D edid_establish_timing
03fcd25c D vo_swi2c_dvi
03fcd264 D vo_dvi_inf
03fcd280 D vo_hdmi_inf
03fcd29c D vo_lvds_inf
03fcd2b8 D vout_entry_0
03fcd654 D vout_entry_1
03fcd9f0 D vout_sys_parm_str
03fcd9f8 D vo_gpio_scl
03fcda14 D vo_gpio_sda
03fcda30 D lcd_lvds_parm_800x480_60
03fcda70 D lcd_lvds_parm_800x480_48
03fcdab0 D lcd_lvds_parm_800x600_60
03fcdaf0 D lcd_lvds_parm_1024x600_60
03fcdb30 D lcd_lvds_parm_1024x768_60
03fcdb70 D lcd_lvds_parm_1366x768_60
03fcdbb0 D lcd_lvds_parm_1680x1050_60
03fcdbf0 D lcd_ttl_parm_800x480_60
03fcdc30 D lcd_ttl_parm_800x480_48
03fcdc70 D lcd_ttl_parm_800x600_60
03fcdcb0 D lcd_ttl_parm_1024x600_60
03fcdcf0 D lcd_ttl_parm_1024x768_60
03fcdd30 D lcd_ttl_parm_1366x768_60
03fcdd70 D vt1632_vout_dev_ops
03fcddb0 D ch7305_lcd_transmitter_ops
03fcddc8 D _ctype
03fcdec8 d fixed_left
03fcdecc d cplens
03fcdf48 d cplext
03fcdfc4 d cpdist
03fce03c d cpdext
03fce0b4 D zlib_version
03fce0b8 D z_errmsg
03fce0d8 D flash_type
03fce0dc D nor_flash_bit
03fce0e0 D nand_flash_bit
03fce0e4 D sf_ids
03fce204 d descriptor
03fce23a D usb_sel
03fce23b D ConnectPort
03fce23c D usb_base_addr
03fce240 d root_hub_dev_des
03fce252 d root_hub_config_des
03fce26b d root_hub_str_index0
03fce26f d root_hub_str_index1
03fce28b d root_hub_hub_des
03fce294 D pUart_Reg
03fce298 D pGpioReg
03fce29c D dma_device_cfg_table
03fce4bc D pSd_Reg
03fce4c0 D pSd_PDma_Reg
03fce4c4 D GpioReg
03fce4c8 d cur_part
03fce4cc A __u_boot_cmd_start
03fce4cc D __u_boot_cmd_autoscr
03fce4e8 D __u_boot_cmd_bdinfo
03fce504 D __u_boot_cmd_go
03fce520 D __u_boot_cmd_reset
03fce53c D __u_boot_cmd_bootm
03fce558 D __u_boot_cmd_boot
03fce574 D __u_boot_cmd_bootd
03fce590 D __u_boot_cmd_iminfo
03fce5ac D __u_boot_cmd_imls
03fce5c8 D __u_boot_cmd_coninfo
03fce5e4 D __u_boot_cmd_fatload
03fce600 D __u_boot_cmd_fatstore
03fce61c D __u_boot_cmd_fatls
03fce638 D __u_boot_cmd_fatinfo
03fce654 D __u_boot_cmd_flinfo
03fce670 D __u_boot_cmd_erase
03fce68c D __u_boot_cmd_protect
03fce6a8 D __u_boot_cmd_imd
03fce6c4 D __u_boot_cmd_imm
03fce6e0 D __u_boot_cmd_inm
03fce6fc D __u_boot_cmd_imw
03fce718 D __u_boot_cmd_icrc32
03fce734 D __u_boot_cmd_iprobe
03fce750 D __u_boot_cmd_iloop
03fce76c D __u_boot_cmd_ims
03fce788 D __u_boot_cmd_ide
03fce7a4 D __u_boot_cmd_diskboot
03fce7c0 D __u_boot_cmd_itest
03fce7dc D __u_boot_cmd_loads
03fce7f8 D __u_boot_cmd_loadb
03fce814 D __u_boot_cmd_md
03fce830 D __u_boot_cmd_mm
03fce84c D __u_boot_cmd_nm
03fce868 D __u_boot_cmd_mw
03fce884 D __u_boot_cmd_cp
03fce8a0 D __u_boot_cmd_cmp
03fce8bc D __u_boot_cmd_crc32
03fce8d8 D __u_boot_cmd_base
03fce8f4 D __u_boot_cmd_loop
03fce910 D __u_boot_cmd_mtest
03fce92c D __u_boot_cmd_mii
03fce948 D __u_boot_cmd_sleep
03fce964 D __u_boot_cmd_mmcinit
03fce980 D __u_boot_cmd_mmcread
03fce99c D __u_boot_cmd_mmcwrite
03fce9b8 D __u_boot_cmd_sdwaitins
03fce9d4 D __u_boot_cmd_mmcreadimg
03fce9f0 D __u_boot_cmd_dmacp
03fcea0c D __u_boot_cmd_nandrw
03fcea28 D __u_boot_cmd_parseimg
03fcea44 D __u_boot_cmd_bootp
03fcea60 D __u_boot_cmd_tftpboot
03fcea7c D __u_boot_cmd_rarpboot
03fcea98 D __u_boot_cmd_dhcp
03fceab4 D __u_boot_cmd_nfs
03fcead0 D __u_boot_cmd_ping
03fceaec D __u_boot_cmd_printenv
03fceb08 D __u_boot_cmd_setenv
03fceb24 D __u_boot_cmd_saveenv
03fceb40 D __u_boot_cmd_run
03fceb5c D __u_boot_cmd_usb
03fceb78 D __u_boot_cmd_usbboot
03fceb94 D __u_boot_cmd_version
03fcebb0 D __u_boot_cmd_echo
03fcebcc D __u_boot_cmd_test
03fcebe8 D __u_boot_cmd_exit
03fcec04 D __u_boot_cmd_help
03fcec20 D __u_boot_cmd_question_mark
03fcec3c D __u_boot_cmd_display
03fcec58 D __u_boot_cmd_mbit
03fcec74 D __u_boot_cmd_textout
03fcec90 A __bss_start
03fcec90 A __u_boot_cmd_end
03fcf000 b timestamp
03fcf004 b lastdec
03fcf008 b mem_malloc_brk
03fcf00c b mem_malloc_start
03fcf010 b mem_malloc_end
03fcf014 B monitor_flash_len
03fcf018 B NetState
03fcf01c B NetPingIP
03fcf020 b packetHandler
03fcf024 b timeHandler
03fcf028 b timeStart
03fcf02c b timeDelta
03fcf030 B NetOurEther
03fcf038 B NetTxPacket
03fcf03c B NetOurIP
03fcf040 B NetArpWaitPacketIP
03fcf044 B NetOurSubnetMask
03fcf048 B NetOurGatewayIP
03fcf04c B NetArpWaitReplyIP
03fcf050 B NetArpWaitTimerStart
03fcf054 B NetArpWaitTry
03fcf058 b mac.4952
03fcf05e B NetEtherNullAddr
03fcf064 B NetArpWaitPacketMAC
03fcf068 B NetArpWaitTxPacket
03fcf06c B NetIPID
03fcf070 b PingSeqNo
03fcf074 B NetArpWaitTxPacketSize
03fcf078 B NetRxPkt
03fcf07c B NetRxPktLen
03fcf080 B NetServerIP
03fcf084 B NetServerEther
03fcf08a B PktBuf
03fd0eac B NetRxPackets
03fd0ebc B NetArpWaitPacketBuf
03fd14dc B NetBootFileXferSize
03fd14e0 B NetOurDNSIP
03fd14e4 B NetOurNISDomain
03fd1504 B NetOurHostName
03fd1524 B NetOurRootPath
03fd1564 B NetBootFileSize
03fd1566 B BootFile
03fd15e8 b TftpState
03fd15ec b tftp_filename
03fd15f0 b TftpBlock
03fd15f4 b TftpServerPort
03fd15f8 b TftpOurPort
03fd15fc b TftpTimeoutCount
03fd1600 b TftpBlockWrap
03fd1604 b TftpBlockWrapOffset
03fd1608 b TftpLastBlock
03fd160c b default_filename
03fd161c B dhcp_leasetime
03fd1620 B NetDHCPServerIP
03fd1624 B BootpID
03fd1628 B dhcp_state
03fd162c B BootpTry
03fd1630 B RarpTry
03fd1634 b rpc_id
03fd1638 b NfsSrvMountPort
03fd163c b NfsSrvNfsPort
03fd1640 b fs_mounted
03fd1644 b dirfh
03fd1664 b filefh
03fd1684 b NfsServerIP
03fd1688 b NfsOurPort
03fd168c b NfsState
03fd1690 b nfs_path
03fd1694 b nfs_filename
03fd1698 b nfs_len
03fd169c b NfsDownloadState
03fd16a0 b nfs_path_buff
03fd1ea0 b default_filename
03fd1ee0 b NfsTimeoutCount
03fd1ee4 B console_buffer
03fd22e4 B header
03fd2324 b i2c_dp_last_chip
03fd2328 b i2c_dp_last_addr
03fd232c b i2c_dp_last_alen
03fd2330 B ide_bus_offset
03fd2334 B ide_dev_desc
03fd239c b ide_bus_ok
03fd23a0 b os_data_state
03fd23a4 B os_data_count
03fd23a8 b os_data_addr
03fd23ac b bin_start_address
03fd23b0 B his_pad_count
03fd23b4 B his_pad_char
03fd23b5 b a_b
03fd23cd B his_eol
03fd23d0 b k_data_escape
03fd23d4 B os_data_init
03fd23d8 b k_data_escape_saved
03fd23dc b os_data_state_saved
03fd23e0 b os_data_count_saved
03fd23e4 b os_data_addr_saved
03fd23e8 B os_data_char
03fd23ec B his_quote
03fd23f0 B send_ptr
03fd23f4 B send_parms
03fd2408 B os_data_header
03fd2428 b base_address
03fd242c B mm_last_addr
03fd2430 B mm_last_size
03fd2434 B dp_last_addr
03fd2438 B dp_last_size
03fd243c B last_op
03fd2440 B last_addr_lo
03fd2444 B last_addr_hi
03fd2448 B last_reg_lo
03fd244c B last_reg_hi
03fd2450 B last_data
03fd2454 b mmc_cur_dev
03fd2458 b mmc_part_offset
03fd245c b data.4611
03fd265c B flag0
03fd2660 b bbt
03fd2668 B nand_dev_desc
03fd2898 B pNFCRegs
03fd289c B g_WMTNFCBASE
03fd28a0 B pNand_PDma_Reg
03fd28a4 B ReadDesc
03fd28a8 b rdmz_buf
03fd28ac B cur_chip
03fd28b0 b bbt_version
03fd28b4 B bad_block_pos
03fd29a4 B oob_config
03fd29c4 B NAND_PDMA_REG
03fd29fc B PNAND_PDMA_REG
03fd2a00 B NAND_PDMA_DESC_S
03fd2a08 B PNAND_PDMA_DESC_S
03fd2a0c B NAND_PDMA_DESC_L
03fd2a1c B PNAND_PDMA_DESC_L
03fd2a20 B WriteDesc
03fd2a28 b tmp_buf.4549
03fd2c28 b tmp_buf
03fd3028 b ctrlc_disabled
03fd302c b ctrlc_was_pressed
03fd3030 B devlist
03fd3034 B stdio_devices
03fd3040 b current_mallinfo
03fd3068 b top_pad
03fd306c b max_sbrked_mem
03fd3070 b max_total_mem
03fd3074 b n_mmaps_max
03fd3078 b s_primary
03fd308c b m_fileStart
03fd3090 b m_fh
03fd3094 b m_glyphStart
03fd3098 B rgb2color
03fd309c B putcolor2fb
03fd30a0 B g_direct_path
03fd30a4 B g_fb_phy
03fd30a8 B g_img_phy
03fd30ac B g_display_param
03fd30c4 B g_display_vaild
03fd30c8 B g_pwm_setting
03fd30dc B g_display_param2
03fd30f4 B g_display_tmr
03fd311c B g_lcd_pw_pin
03fd3134 B g_logo_x
03fd3138 B g_logo_y
03fd313c B vpp_dac_sense_enable
03fd3140 b flag_repeat
03fd3144 b do_repeat
03fd3148 b the_command.4717
03fd3548 b buf.4910
03fd3570 B last_return_code
03fd3574 b top_vars
03fd3578 b local.4701
03fd358e b map
03fd3690 b ifs
03fd3694 B nesting_level
03fd3698 b mii_devs
03fd36a0 b current_mii
03fd36a4 b asynch_allowed
03fd36a8 b setup_packet
03fd36b0 b usb_dev
03fde030 b dev_index
03fde034 b usb_hub_index
03fde038 B usb_started
03fde03c b hub_dev
03fde13c b running
03fde140 b usb_ccb
03fde1d0 b usb_dev_desc
03fde3d8 b usb_max_devs
03fde3dc b usb_stor_buf
03fde5dc b usb_stor
03fde6e0 B p_govrh2
03fde6e4 B p_govrh
03fde6e8 B vout_array
03fde6f0 B vout_info
03fde7d0 B vout_inf_array
03fde7dc B vout_dev_list
03fde7e0 B vout_board_info
03fde7e4 B p_lcd
03fde7e8 B lcd_panel_hpixel
03fde7ec B lcd_panel_vpixel
03fde7f0 B lcd_panel_fps
03fde7f4 B lcd_panel_cap
03fde7f8 B lcd_blt_id
03fde7fc B lcd_panel_msb
03fde800 B lcd_panel_dual
03fde804 B lcd_panel_bpp
03fde808 B lcd_device_array
03fde814 B p_lcd_transmitter
03fde818 b lcd_setting
03fde81c B lcd_blt_level
03fde820 B lcd_blt_freq
03fde824 B lcd_msb
03fde828 B lcd_pwm_enable
03fde82c B g_vpp
03fde9a0 B vpp_mod_base_list
03fde9d4 B vpp_vout_option
03fde9d8 B hdmi_cp
03fde9dc B hdmi_ri_tm_cnt
03fde9e0 B vpp_govm_path1
03fde9e4 B edid_msg_enable
03fde9e8 B vo_lvds_init_flag
03fde9ec B vo_plug_vout
03fde9f0 B vo_plug_func
03fde9f4 B hdmi_cur_plugin
03fde9f8 B vo_oem_tmr
03fdea20 B dvo_vout_mode
03fdea24 B int_vout_mode
03fdea28 B vo_poll_vout
03fdea2c b vt1632_not_ready
03fdea30 b pWMTOST
03fdea34 B vpp_dvi_i2c_id
03fdea38 B vpp_i2c_lock
03fdea3c B swi2c_sda
03fdea40 B swi2c_scl
03fdea44 B ___strtok
03fdea48 b fixed_mem
03fdfad8 b fixed_lock
03fdfadc b fixed_built
03fdfae0 b fixed_bl
03fdfae4 b fixed_tl
03fdfae8 b fixed_bd
03fdfaec b fixed_td
03fdfaf0 B flash_info
03fe2320 b flash_count
03fe2324 B flash_info_nor
03fe4b54 B flash_info_nand
03fe7384 B flash_info_spi
03fe879c B chip_id
03fe87a0 B sfreg
03fe87a4 b phy_flash_addr_0
03fe87a8 b phy_flash_addr_1
03fe87ac b dev_en_count
03fe89c0 b qh.5254
03fe8a20 b ntds.5256
03fe8a40 b td.5255
03fe8b00 B hcor
03fe8b04 B rootdev
03fe8b08 b portreset
03fe8b0c B hccr
03fe8b10 B port_connect_status
03fe8b14 B MaxDevice
03fe8b18 B length_flag
03fe8b20 b qh_list
03fe8b80 B pipe_flag
03fe8b84 B g_usb_param
03fe8b88 B usb_flag
03fe8b8c B inquiry_flag
03fe9000 b rh
03fe9080 B tmp_td
03fed080 B qh_cntrl
03fed100 B qh_bulk
03fed180 B tmp_int_td
03fed580 B td_int
03fee000 B framelist
03fef000 B td_last
03fef080 B qh_end
03ff0000 b i2c
03ff0018 B i2c_xfer_mode
03ff001c b i2c
03ff0034 b i2c
03ff004c b i2c
03ff0064 B g_bInit
03ff0068 B sg_aAdapter
03ff006c B g_sOptions
03ff0088 b wOrgData.4646
03ff008a b wOrgData.4639
03ff008c b dma_status
03ff0094 b dma_chan
03ff016c b descript_chan
03ff01ec b first_init.4621
03ff01f0 b dma_mem_regs_base.4622
03ff01f4 B SDDevInfo
03ff01f8 B SD0DevInfo
03ff0440 b mmc_dev
03ff0444 b mmc0_dev
03ff04ac b mmc_ready
03ff04b0 b mmc0_ready
03ff04b4 b chip_id
03ff04b8 B SD1DevInfo
03ff0700 b mmc1_dev
03ff0768 b mmc1_ready
03ff076c B SD2DevInfo
03ff09b4 b mmc2_dev
03ff0a1c b mmc2_ready
03ff0a20 B SD3DevInfo
03ff0c68 b mmc3_dev
03ff0cd0 b mmc3_ready
03ff0cd4 b Bitmode
03ff0cd8 b chip_version.5134
03ff0cdc B SD_PDMA_REG
03ff0d14 B PSD_PDMA_REG
03ff0d18 b params
03ff0d1c b part_offset
03ff0d20 b cur_dev
03ff0d24 A _end
