Archive member included because of file (symbol)

board/wmt/libwmt.a(lowlevel_init.o)
                              cpu/arm920t/start.o (lowlevel_init)
cpu/arm920t/libarm920t.a(interrupts.o)
                              cpu/arm920t/start.o (do_undefined_instruction)
cpu/arm920t/wmt/libwmt.a(interrupts.o)
                              cpu/arm920t/libarm920t.a(interrupts.o) (reset_cpu)
lib_arm/libarm.a(board.o)     cpu/arm920t/start.o (start_armboot)
net/libnet.a(net.o)           lib_arm/libarm.a(board.o) (copy_filename)
net/libnet.a(tftp.o)          net/libnet.a(net.o) (TftpStart)
net/libnet.a(bootp.o)         net/libnet.a(net.o) (BootpRequest)
net/libnet.a(rarp.o)          net/libnet.a(net.o) (RarpRequest)
net/libnet.a(eth.o)           lib_arm/libarm.a(board.o) (eth_initialize)
net/libnet.a(nfs.o)           net/libnet.a(net.o) (NfsStart)
common/libcommon.a(main.o)    lib_arm/libarm.a(board.o) (main_loop)
common/libcommon.a(cmd_autoscript.o)
                              (__u_boot_cmd_autoscr)
common/libcommon.a(cmd_bdinfo.o)
                              (__u_boot_cmd_bdinfo)
common/libcommon.a(cmd_boot.o)
                              (__u_boot_cmd_go)
common/libcommon.a(cmd_bootm.o)
                              common/libcommon.a(main.o) (do_bootd)
common/libcommon.a(cmd_console.o)
                              (__u_boot_cmd_coninfo)
common/libcommon.a(cmd_fat.o)
                              (__u_boot_cmd_fatload)
common/libcommon.a(cmd_flash.o)
                              (__u_boot_cmd_flinfo)
common/libcommon.a(cmd_i2c.o)
                              (__u_boot_cmd_imd)
common/libcommon.a(cmd_ide.o)
                              common/libcommon.a(cmd_fat.o) (ide_get_dev)
common/libcommon.a(cmd_itest.o)
                              (__u_boot_cmd_itest)
common/libcommon.a(cmd_load.o)
                              (__u_boot_cmd_loads)
common/libcommon.a(cmd_mem.o)
                              common/libcommon.a(cmd_i2c.o) (cmd_get_data_size)
common/libcommon.a(cmd_mii.o)
                              (__u_boot_cmd_mii)
common/libcommon.a(cmd_misc.o)
                              (__u_boot_cmd_sleep)
common/libcommon.a(cmd_mmc.o)
                              (__u_boot_cmd_mmcinit)
common/libcommon.a(cmd_dma.o)
                              (__u_boot_cmd_dmacp)
common/libcommon.a(cmd_nand.o)
                              lib_arm/libarm.a(board.o) (nand_probe)
common/libcommon.a(cmd_net.o)
                              (__u_boot_cmd_bootp)
common/libcommon.a(cmd_nvedit.o)
                              common/libcommon.a(cmd_mmc.o) (do_setenv)
common/libcommon.a(cmd_usb.o)
                              (__u_boot_cmd_usb)
common/libcommon.a(command.o)
                              common/libcommon.a(main.o) (find_cmd)
common/libcommon.a(console.o)
                              cpu/arm920t/libarm920t.a(interrupts.o) (printf)
common/libcommon.a(devices.o)
                              lib_arm/libarm.a(board.o) (devices_init)
common/libcommon.a(dlmalloc.o)
                              common/libcommon.a(cmd_autoscript.o) (free)
common/libcommon.a(env_common.o)
                              common/libcommon.a(cmd_nvedit.o) (env_crc_update)
common/libcommon.a(env_flash.o)
                              common/libcommon.a(env_common.o) (env_get_char_spec)
common/libcommon.a(exports.o)
                              lib_arm/libarm.a(board.o) (jumptable_init)
common/libcommon.a(wmt_cmd_display.o)
                              (__u_boot_cmd_display)
common/libcommon.a(minivgui.o)
                              common/libcommon.a(wmt_cmd_display.o) (mv_initPrimary)
common/libcommon.a(uboot-vpp.o)
                              common/libcommon.a(wmt_cmd_display.o) (wmt_graphic_init)
common/libcommon.a(cmd_mbit.o)
                              (__u_boot_cmd_mbit)
common/libcommon.a(cmd_textout.o)
                              common/libcommon.a(wmt_cmd_display.o) (text_x)
common/libcommon.a(env_parse.o)
                              common/libcommon.a(uboot-vpp.o) (parse_gpio_operation)
common/libcommon.a(flash.o)   common/libcommon.a(cmd_load.o) (addr2info)
common/libcommon.a(hush.o)    common/libcommon.a(main.o) (parse_string_outer)
common/libcommon.a(lists.o)   common/libcommon.a(devices.o) (ListCreate)
common/libcommon.a(miiphyutil.o)
                              net/libnet.a(eth.o) (miiphy_init)
common/libcommon.a(s_record.o)
                              common/libcommon.a(cmd_load.o) (srec_decode)
common/libcommon.a(usb.o)     common/libcommon.a(cmd_usb.o) (usb_string)
common/libcommon.a(usb_storage.o)
                              common/libcommon.a(cmd_fat.o) (usb_stor_get_dev)
common/libcommon.a(pwm.o)     common/libcommon.a(wmt_cmd_display.o) (pwm_set_control)
common/libcommon.a(govrh.o)   common/libcommon.a(uboot-vpp.o) (govrh_mod_init)
common/libcommon.a(vout.o)    common/libcommon.a(uboot-vpp.o) (vout_get_entry)
common/libcommon.a(lcd.o)     common/libcommon.a(uboot-vpp.o) (lcd_module_init)
[...]
Memory Configuration

Name             Origin             Length             Attributes
*default*        0x00000000         0xffffffff

Linker script and memory map

                0x00000000                . = 0x0
                0x00000000                . = ALIGN (0x4)

.text           0x03f80000    0x3b524
 cpu/arm920t/start.o(.text)
 .text          0x03f80000      0x3c0 cpu/arm920t/start.o
                0x03f80000                _start
                0x03f80044                _armboot_start
                0x03f80048                _bss_start
                0x03f8004c                _bss_end
 *(.text)
 .text          0x03f803c0        0x8 board/wmt/libwmt.a(lowlevel_init.o)
                0x03f803c4                lowlevel_init
 .text          0x03f803c8      0x264 cpu/arm920t/libarm920t.a(interrupts.o)
                0x03f803c8                enable_interrupts
                0x03f803cc                disable_interrupts
                0x03f803d4                bad_mode
                0x03f803f0                show_regs
                0x03f80530                do_undefined_instruction
                0x03f80554                do_software_interrupt
                0x03f80578                do_prefetch_abort
                0x03f8059c                do_data_abort
                0x03f805c0                do_not_used
                0x03f805e4                do_fiq
                0x03f80608                do_irq
 .text          0x03f8062c      0x22c cpu/arm920t/wmt/libwmt.a(interrupts.o)
                0x03f80660                set_timer
                0x03f80670                reset_timer_masked
                0x03f80690                reset_timer
                0x03f80694                interrupt_init
                0x03f806d8                get_timer_masked
                0x03f8070c                get_timer
                0x03f80720                udelay
                0x03f80788                udelay_masked
                0x03f807dc                get_ticks
                0x03f807f0                get_tbclk
                0x03f807fc                reset_cpu
 .text          0x03f80858      0x358 lib_arm/libarm.a(board.o)
                0x03f80924                nand_init
                0x03f80948                sbrk
                0x03f80980                raise
                0x03f80984                hang
                0x03f80998                start_armboot
 .text          0x03f80bb0     0x1190 net/libnet.a(net.o)
                0x03f80c64                NetSetHandler
                0x03f80c74                NetSetTimeout
                0x03f80ca4                NetStartAgain
                0x03f80d20                NetSendPacket
                0x03f80d24                NetCksum
                0x03f80d58                NetCksumOk
                0x03f80d78                NetEthHdrSize
                0x03f80db4                NetSetEther
                0x03f80e54                ArpRequest
                0x03f80f34                ArpTimeoutCheck
                0x03f80fa8                PingSend
                0x03f810cc                NetSetIP
                0x03f811b0                NetSendUDPPacket
                0x03f812e8                copy_filename
                0x03f8132c                ip_to_string
                0x03f81368                string_to_ip
                0x03f813d0                VLAN_to_string
                0x03f81424                string_to_VLAN
                0x03f81468                print_IPaddr
                0x03f81484                NetReceive
                0x03f81910                getenv_IPaddr
                0x03f81920                getenv_VLAN
                0x03f81930                NetLoop
 .text          0x03f81d40      0x5f0 net/libnet.a(tftp.o)
                0x03f82140                TftpStart
 .text          0x03f82330      0x8f0 net/libnet.a(bootp.o)
                0x03f82a38                BootpRequest
                0x03f82c1c                DhcpRequest
 .text          0x03f82c20      0x194 net/libnet.a(rarp.o)
                0x03f82c7c                RarpRequest
 .text          0x03f82db4       0xcc net/libnet.a(eth.o)
                0x03f82db4                eth_parse_enetaddr
                0x03f82e08                eth_getenv_enetaddr
                0x03f82e64                eth_initialize
 .text          0x03f82e80      0xe0c net/libnet.a(nfs.o)
                0x03f83a64                NfsStart
 .text          0x03f83c8c      0x970 common/libcommon.a(main.o)
                0x03f83d68                readline
                0x03f83f58                run_command
                0x03f84388                main_loop
                0x03f8457c                do_run
 .text          0x03f845fc      0x1b0 common/libcommon.a(cmd_autoscript.o)
                0x03f84604                autoscript
                0x03f8476c                do_autoscript
 .text          0x03f847ac       0xec common/libcommon.a(cmd_bdinfo.o)
                0x03f847c4                do_bdinfo
 .text          0x03f84898       0x80 common/libcommon.a(cmd_boot.o)
                0x03f84898                do_go
 .text          0x03f84918      0xa74 common/libcommon.a(cmd_bootm.o)
                0x03f84938                do_bootd
                0x03f8495c                print_image_hdr
                0x03f84cd0                do_iminfo
                0x03f84d30                gunzip
                0x03f84e7c                do_bootm
 .text          0x03f8538c       0xd0 common/libcommon.a(cmd_console.o)
                0x03f8538c                do_coninfo
 .text          0x03f8545c      0x558 common/libcommon.a(cmd_fat.o)
                0x03f8545c                get_dev
                0x03f854e4                do_fat_fsinfo
                0x03f855bc                do_fat_ls
                0x03f856c4                do_fat_fsstore
                0x03f85834                do_fat_fsload
 .text          0x03f859b4      0xbb8 common/libcommon.a(cmd_flash.o)
                0x03f85e58                do_flinfo
                0x03f85f00                flash_sect_erase
                0x03f85fe8                do_flerase
                0x03f861c4                flash_sect_protect
                0x03f862c8                do_protect
 .text          0x03f8656c      0x92c common/libcommon.a(cmd_i2c.o)
                0x03f86574                do_i2c_loop
                0x03f86688                do_i2c_probe
                0x03f866d8                do_i2c_md
                0x03f868c0                do_i2c_crc
                0x03f86a10                do_i2c_reg_set
                0x03f86b10                do_i2c_mw
                0x03f86e48                do_i2c_nm
                0x03f86e70                do_i2c_mm
 .text          0x03f86e98      0xe10 common/libcommon.a(cmd_ide.o)
                0x03f86fa0                do_diskboot
                0x03f8741c                ide_read
                0x03f875f8                ide_init
                0x03f87770                ide_get_dev
                0x03f87784                ide_write
                0x03f878e4                do_ide
 .text          0x03f87ca8      0x2d0 common/libcommon.a(cmd_itest.o)
                0x03f87d0c                binary_test
                0x03f87ecc                do_itest
 .text          0x03f87f78      0xb1c common/libcommon.a(cmd_load.o)
                0x03f881d8                do_load_serial
                0x03f882b4                send_pad
                0x03f882e0                ktrans
                0x03f88300                chk1
                0x03f88328                s1_sendpacket
                0x03f8834c                send_ack
                0x03f883a8                send_nack
                0x03f88404                k_data_init
                0x03f88424                k_data_save
                0x03f88450                k_data_restore
                0x03f8847c                k_data_char
                0x03f884cc                handle_send_packet
                0x03f88690                do_load_serial_bin
 .text          0x03f88a94      0xbe4 common/libcommon.a(cmd_mem.o)
                0x03f88a94                do_mem_base
                0x03f88ad4                do_mem_crc
                0x03f88c10                do_mem_mtest
                0x03f88d34                cmd_get_data_size
                0x03f88d84                do_mem_loop
                0x03f88e80                do_mem_cp
                0x03f8907c                do_mem_cmp
                0x03f89218                do_mem_mw
                0x03f89440                do_mem_nm
                0x03f89468                do_mem_mm
                0x03f89490                do_mem_md
 .text          0x03f89678      0x780 common/libcommon.a(cmd_mii.o)
                0x03f896c0                MII_dump_0_to_5
                0x03f89974                do_mii
 .text          0x03f89df8       0x90 common/libcommon.a(cmd_misc.o)
                0x03f89df8                do_sleep
 .text          0x03f89e88      0x6f8 common/libcommon.a(cmd_mmc.o)
                0x03f89e88                do_mmc
                0x03f89f00                do_mmc_read
                0x03f89fe4                do_mmc_write
                0x03f8a0ec                do_mmc_wait_insert
                0x03f8a188                memdump
                0x03f8a1e0                mmc_register_device
                0x03f8a29c                do_mmc_read_img
 .text          0x03f8a580      0x1f8 common/libcommon.a(cmd_dma.o)
                0x03f8a580                do_dma_cp
                0x03f8a760                free_dma_channels
 .text          0x03f8a778     0x7128 common/libcommon.a(cmd_nand.o)
                0x03f8a778                isbbtbadblock
                0x03f8a7cc                update_bbt_inram
                0x03f8a808                toshiba_get_parameter
                0x03f8a810                do_parseimg
                0x03f8a9c4                rdmzier
                0x03f8aa24                rdmzier_oob
                0x03f8aaa8                get_current_nand_chip
                0x03f8aad0                WRITE_NAND_COMMAND
                0x03f8aae8                print_nfc_register
                0x03f8ab50                print_nand_buf
                0x03f8ac08                nfc_ecc_set
                0x03f8ad40                shift_bit
                0x03f8ad68                NFC_WAIT_READY
                0x03f8ad98                NAND_WAIT_READY
                0x03f8ade0                NFC_WAIT_CMD_READY
                0x03f8ae10                NAND_WAIT_IDLE
                0x03f8ae4c                check_block
                0x03f8af40                NanD_Address
                0x03f8b0ec                nand_init_pdma
                0x03f8b120                nand_free_pdma
                0x03f8b13c                nand_alloc_desc_pool
                0x03f8b15c                nand_init_short_desc
                0x03f8b1a0                nand_init_long_desc
                0x03f8b1fc                nand_config_pdma
                0x03f8b230                nfc_dma_cfg
                0x03f8b3c0                nand_pdma_handler
                0x03f8b4a0                hynix_read_retry_get_para
                0x03f8b68c                get_read_retry_para
                0x03f8b6cc                hynix_read_retry_set_para
                0x03f8b8d8                set_read_retry_para
                0x03f8b918                NFC_CHECK_ECC
                0x03f8b97c                nand_read_status
                0x03f8ba00                nand_read_page
                0x03f8bb84                wmt_nand_erase
                0x03f8bc3c                nand_page_program
                0x03f8bd34                eslc_nand_write_block
                0x03f8bf38                nand_write_block
                0x03f8c110                eslc_nand_read_block
                0x03f8c1a8                nand_read_block
                0x03f8c21c                nfc_1bit_ecc_correct
                0x03f8c390                nfc_1bit_read_page
                0x03f8c3f8                calculate_ECC_info
                0x03f8c630                nfc_BCH_ecc_correct
                0x03f8c71c                nfc_BCH_ecc_check
                0x03f8c818                wmt_nand_reset
                0x03f8c878                set_ECC_mode
                0x03f8c920                update_bbt_inflash
                0x03f8cd9c                creat_bbt
                0x03f8cfa8                nand_readID
                0x03f8d028                nand_get_feature
                0x03f8d0d8                nand_set_feature
                0x03f8d180                wmt_calc_clock
                0x03f8d4c8                wmt_get_timing
                0x03f8d5ac                get_parameter
                0x03f8d708                hynix_get_parameter
                0x03f8d908                set_parameter
                0x03f8da70                dummy_read
                0x03f8db80                hynix_set_parameter
                0x03f8dc44                nand_reset_no_read_status
                0x03f8dca4                write_bytes_param
                0x03f8de58                hynix_get_otp
                0x03f8e110                toshiba_send_data
                0x03f8e224                toshiba_set_parameter
                0x03f8e298                toshiba_pre_condition
                0x03f8e300                nfc_BCH_read_page
                0x03f8e718                read_retry_param_from_nand
                0x03f8e8d0                write_retry_param_to_nand
                0x03f8ea18                get_pattern_small
                0x03f8eaac                get_pattern_large
                0x03f8eb40                WMT_check_pattern
                0x03f8ebe8                find_bbt
                0x03f8ee14                nand_probe
                0x03f8f798                check_block_table
                0x03f8f8a4                nand_erase
                0x03f8f9f8                WMTLoadImageFormNAND
                0x03f8fbe8                nand_boot
                0x03f8fdbc                eslc_load_image
                0x03f8fff8                WMTSaveImageToNAND
                0x03f9038c                eslc_save_image
                0x03f907b0                WMTEraseNAND
                0x03f90b04                tellme_whereistable
                0x03f90bd0                tellme_badblock
                0x03f90cb4                WMTEraseNANDALL
                0x03f90d7c                tellme_nandinfo
                0x03f90ebc                do_nand
 .text          0x03f918a0      0x374 common/libcommon.a(cmd_net.o)
                0x03f918a0                do_ping
                0x03f91bd8                do_nfs
                0x03f91be4                do_dhcp
                0x03f91bf0                do_rarpb
                0x03f91bfc                do_tftpb
                0x03f91c08                do_bootp
 .text          0x03f91c14      0x854 common/libcommon.a(cmd_nvedit.o)
                0x03f91c88                do_saveenv
                0x03f91cb4                do_printenv
                0x03f91e60                _do_setenv
                0x03f922bc                do_setenv
                0x03f922f8                setenv
                0x03f9232c                getenv
                0x03f923ac                getenv_r
 .text          0x03f92468     0x1070 common/libcommon.a(cmd_usb.o)
                0x03f92470                do_usbboot
                0x03f9282c                usb_get_class_desc
                0x03f928d8                usb_display_class_sub
                0x03f92a4c                usb_display_string
                0x03f92a80                usb_display_desc
                0x03f92ba8                usb_display_conf_desc
                0x03f92c54                usb_display_if_desc
                0x03f92cdc                usb_display_ep_desc
                0x03f92d90                usb_display_config
                0x03f92e20                usb_show_tree_graph
                0x03f9302c                usb_show_tree
                0x03f9305c                do_usb
 .text          0x03f934d8      0xcd4 common/libcommon.a(command.o)
                0x03f934d8                do_echo
                0x03f93558                do_version
                0x03f93578                var_complete
                0x03f93600                do_exit
                0x03f93630                do_test
                0x03f93a98                find_cmd
                0x03f93b2c                do_help
                0x03f93d08                install_auto_complete
                0x03f93d34                cmd_auto_complete
 .text          0x03f941ac      0x57c common/libcommon.a(console.o)
                0x03f94250                serial_printf
                0x03f94294                fgetc
                0x03f942c0                ftstc
                0x03f942ec                fputc
                0x03f94314                fputs
                0x03f9433c                fprintf
                0x03f94384                getc
                0x03f9439c                tstc
                0x03f943b4                putc
                0x03f943d0                puts
                0x03f943ec                printf
                0x03f94430                vprintf
                0x03f94464                ctrlc
                0x03f944b0                disable_ctrlc
                0x03f944c8                had_ctrlc
                0x03f944d8                clear_ctrlc
                0x03f944ec                dbg
                0x03f944f8                console_assign
                0x03f94588                console_init_f
                0x03f94598                console_init_r
 .text          0x03f94728      0x11c common/libcommon.a(devices.o)
                0x03f94728                device_register
                0x03f9474c                devices_init
                0x03f94828                devices_done
 .text          0x03f94844      0xfc4 common/libcommon.a(dlmalloc.o)
                0x03f94844                malloc_bin_reloc
                0x03f94880                malloc_trim
                0x03f94950                free
                0x03f94b78                cfree
                0x03f94b7c                malloc
                0x03f950f4                calloc
                0x03f951d0                memalign
                0x03f952e0                pvalloc
                0x03f952f8                valloc
                0x03f95304                realloc
                0x03f95754                malloc_usable_size
                0x03f95794                mallopt
 .text          0x03f95808      0x268 common/libcommon.a(env_common.o)
                0x03f95808                env_get_char_memory
                0x03f9584c                env_crc_update
                0x03f95874                env_get_addr
                0x03f95898                env_relocate
                0x03f95934                env_complete
 .text          0x03f95a70      0x394 common/libcommon.a(env_flash.o)
                0x03f95a70                env_get_char_spec
                0x03f95a7c                env_init
                0x03f95b80                saveenv
                0x03f95cc8                env_relocate_spec
 .text          0x03f95e04       0xb4 common/libcommon.a(exports.o)
                0x03f95e08                get_version
                0x03f95e10                jumptable_init
 .text          0x03f95eb8      0x458 common/libcommon.a(wmt_cmd_display.o)
                0x03f95f94                display_init
                0x03f960d4                display_clear
 .text          0x03f96310      0x788 common/libcommon.a(minivgui.o)
                0x03f96364                mv_initPrimary
                0x03f963f8                mv_drawLine
                0x03f96494                mv_drawRect
                0x03f96500                mv_fillRect
                0x03f9655c                mv_le_to_cpu
                0x03f9657c                mv_loadBmp
                0x03f96900                mv_textOut
 .text          0x03f96a98      0x554 common/libcommon.a(uboot-vpp.o)
                0x03f96a98                vpp_mod_init
                0x03f96ab0                vpp_device_init
                0x03f96ae4                wmt_graphic_init
 .text          0x03f96fec      0x120 common/libcommon.a(cmd_mbit.o)
                0x03f96fec                excute_reg_op
 .text          0x03f9710c      0x258 common/libcommon.a(cmd_textout.o)
                0x03f97190                do_textout
 .text          0x03f97364      0x33c common/libcommon.a(env_parse.o)
                0x03f97364                parse_gpio_operation
                0x03f97430                parse_pwm_params
 .text          0x03f976a0      0x37c common/libcommon.a(flash.o)
                0x03f976a0                flash_protect
                0x03f97770                addr2info
                0x03f977e0                flash_write
                0x03f9793c                flash_perror
 .text          0x03f97a1c     0x1bb8 common/libcommon.a(hush.o)
                0x03f98288                simple_itoa
                0x03f982e4                new_pipe
                0x03f98390                reserved_word
                0x03f98630                mapset
                0x03f98654                update_ifs_map
                0x03f986c4                parse_string_outer
                0x03f99518                parse_file_outer
                0x03f9955c                u_boot_hush_start
 .text          0x03f995d4      0x3d0 common/libcommon.a(lists.o)
                0x03f995d4                NewHandle
                0x03f99630                DisposeHandle
                0x03f99650                GetHandleSize
                0x03f99658                SetHandleSize
                0x03f996d4                ListCreate
                0x03f99734                ListSetAllocationPolicy
                0x03f99748                ListDispose
                0x03f9974c                ListInsertItems
                0x03f99910                ListInsertItem
                0x03f99918                ListGetItems
                0x03f99954                ListGetPtrToItem
                0x03f99980                ListGetDataPtr
                0x03f9998c                ListGetItemSize
                0x03f99998                ListNumItems
 .text          0x03f999a4      0x510 common/libcommon.a(miiphyutil.o)
                0x03f999a4                miiphy_init
                0x03f999c0                miiphy_register
                0x03f99a9c                miiphy_set_current_dev
                0x03f99af8                miiphy_get_current_dev
                0x03f99b10                miiphy_read
                0x03f99b9c                miiphy_write
                0x03f99c28                miiphy_listdev
                0x03f99c90                miiphy_info
                0x03f99d14                miiphy_reset
                0x03f99db4                miiphy_speed
                0x03f99e34                miiphy_duplex
 .text          0x03f99eb4      0x2e0 common/libcommon.a(s_record.o)
                0x03f99f28                srec_decode
 .text          0x03f9a194     0x1700 common/libcommon.a(usb.o)
                0x03f9a1dc                wait_ms
                0x03f9a1fc                usb_disable_asynch
                0x03f9a21c                usb_submit_int_msg
                0x03f9a220                usb_control_msg
                0x03f9a31c                usb_bulk_msg
                0x03f9a38c                usb_maxpacket
                0x03f9a3ac                usb_set_maxpacket
                0x03f9a3e8                usb_parse_config
                0x03f9a538                usb_clear_halt
                0x03f9a5d4                usb_get_descriptor
                0x03f9a630                usb_get_configuration_no
                0x03f9a6c4                usb_set_address
                0x03f9a704                usb_set_interface
                0x03f9a7b8                usb_set_configuration
                0x03f9a830                usb_set_protocol
                0x03f9a880                usb_set_idle
                0x03f9a8d8                usb_get_report
                0x03f9a93c                usb_get_class_descriptor
                0x03f9a9a0                usb_get_string
                0x03f9ab1c                usb_string
                0x03f9ac20                usb_get_dev_index
                0x03f9ac4c                usb_alloc_new_device
                0x03f9ad7c                usb_get_hub_descriptor
                0x03f9add0                usb_clear_hub_feature
                0x03f9ae1c                usb_clear_port_feature
                0x03f9ae6c                usb_set_port_feature
                0x03f9af00                usb_get_hub_status
                0x03f9af4c                usb_get_port_status
                0x03f9af9c                usb_hub_reset
                0x03f9afb0                usb_stop
                0x03f9afec                usb_hub_allocate
                0x03f9b030                hub_port_reset
                0x03f9b0d0                usb_new_device
                0x03f9b3ac                usb_scan_devices
                0x03f9b450                usb_init
                0x03f9b4f0                usb_hub_port_connect_change
                0x03f9b60c                usb_hub_configure
                0x03f9b808                usb_hub_probe
                0x03f9b860                portspeed
 .text          0x03f9b894     0x1350 common/libcommon.a(usb_storage.o)
                0x03f9bb74                usb_stor_get_dev
                0x03f9bb88                usb_show_progress
                0x03f9bb94                usb_stor_read
                0x03f9bd7c                usb_stor_info
                0x03f9bde4                usb_stor_BBB_comdat
                0x03f9bebc                usb_stor_CB_comdat
                0x03f9c108                usb_stor_CBI_get_status
                0x03f9c1d8                usb_stor_CB_transport
                0x03f9c3d8                usb_stor_BBB_clear_endpt_stall
                0x03f9c424                usb_stor_BBB_transport
                0x03f9c5dc                usb_storage_probe
                0x03f9c7b8                usb_stor_get_info
                0x03f9c9f0                usb_stor_scan
 .text          0x03f9cbe4      0x3c0 common/libcommon.a(pwm.o)
                0x03f9cbe4                lcd_blt_set_level
                0x03f9cbe8                lcd_blt_set_freq
                0x03f9cbec                pwm_set_control
                0x03f9cc2c                pwm_set_scalar
                0x03f9cc68                pwm_set_period
                0x03f9cca4                pwm_set_duty
                0x03f9cce0                pwm_get_period
                0x03f9ccf8                pwm_get_duty
                0x03f9cd10                set_lcd_power
                0x03f9cd9c                pwm_set_gpio
                0x03f9ce68                pwm_set_enable
                0x03f9cec4                lcd_blt_enable
                0x03f9cec8                lcd_blt_set_pwm
 .text          0x03f9cfa4     0x1618 common/libcommon.a(govrh.o)
                0x03f9cfa4                govrh_mod_suspend
                0x03f9cfa8                govrh_mod_resume
                0x03f9cfac                govrh2_mod_suspend
                0x03f9cfb0                govrh2_mod_resume
                0x03f9cfb4                govrh_set_tg_enable
                0x03f9cff0                govrh_set_clock
                0x03f9d078                govrh_set_tg1
                0x03f9d0f4                govrh_get_tg_mode
                0x03f9d104                govrh_set_tg2
                0x03f9d174                govrh_get_tg
                0x03f9d20c                govrh2_mod_get_tg
                0x03f9d220                govrh_mod_get_tg
                0x03f9d234                govrh_get_hscale_up
                0x03f9d244                govrh_set_direct_path
                0x03f9d250                govrh_get_int_status
                0x03f9d264                govrh2_mod_get_sts
                0x03f9d274                govrh_mod_get_sts
                0x03f9d284                govrh_clean_int_status
                0x03f9d2a0                govrh2_mod_clr_sts
                0x03f9d2b4                govrh_mod_clr_sts
                0x03f9d2c8                govrh_set_int_enable
                0x03f9d2f4                govrh_set_dvo_enable
                0x03f9d360                govrh_set_dvo_sync_polar
                0x03f9d380                govrh_get_dvo_color_format
                0x03f9d3ac                govrh_set_dvo_color_format
                0x03f9d400                govrh_set_dvo_outdatw
                0x03f9d41c                govrh_set_dvo_clock_delay
                0x03f9d448                govrh_set_colorbar
                0x03f9d474                govrh2_mod_set_colorbar
                0x03f9d4a0                govrh_mod_set_colorbar
                0x03f9d4cc                govrh_set_contrast
                0x03f9d4fc                govrh_get_contrast
                0x03f9d50c                govrh_set_brightness
                0x03f9d518                govrh_get_brightness
                0x03f9d524                govrh_set_MIF_enable
                0x03f9d538                govrh2_mod_set_enable
                0x03f9d54c                govrh_mod_set_enable
                0x03f9d560                govrh_get_MIF_enable
                0x03f9d570                govrh_set_frame_mode
                0x03f9d5c8                govrh_set_color_format
                0x03f9d680                govrh2_mod_set_color_fmt
                0x03f9d694                govrh_mod_set_color_fmt
                0x03f9d6a8                govrh_get_color_format
                0x03f9d6fc                govrh2_mod_get_color_fmt
                0x03f9d70c                govrh_mod_get_color_fmt
                0x03f9d71c                govrh_reg_dump
                0x03f9daf8                govrh2_mod_dump_reg
                0x03f9db08                govrh_mod_dump_reg
                0x03f9db18                govrh_set_source_format
                0x03f9db30                govrh_set_output_format
                0x03f9db48                govrh_set_fb_addr
                0x03f9db58                govrh2_mod_set_addr
                0x03f9db74                govrh_mod_set_addr
                0x03f9db90                govrh_get_fb_addr
                0x03f9dba8                govrh2_mod_get_addr
                0x03f9dbc4                govrh_mod_get_addr
                0x03f9dbe0                govrh_set_fb2_addr
                0x03f9dbf0                govrh_get_fb2_addr
                0x03f9dc08                govrh_set_fb_width
                0x03f9dc14                govrh_set_fb_info
                0x03f9dc50                govrh_get_fb_info
                0x03f9dc7c                govrh_set_fifo_index
                0x03f9dc88                govrh_set_reg_level
                0x03f9dca4                govrh_set_reg_update
                0x03f9dcb8                govrh_set_tg
                0x03f9dcfc                govrh2_mod_set_tg
                0x03f9dd18                govrh_mod_set_tg
                0x03f9dd34                govrh_set_timing
                0x03f9de98                govrh_set_csc_mode
                0x03f9e05c                govrh2_mod_set_csc
                0x03f9e070                govrh_mod_set_csc
                0x03f9e084                govrh_set_framebuffer
                0x03f9e0f0                govrh2_mod_set_framebuf
                0x03f9e104                govrh_mod_set_framebuf
                0x03f9e118                govrh_init
                0x03f9e1cc                govrh_get_framebuffer
                0x03f9e248                govrh_set_media_format
                0x03f9e25c                govrh_HDMI_set_blank_value
                0x03f9e274                govrh_HDMI_set_3D_mode
                0x03f9e288                govrh_is_top_field
                0x03f9e29c                govrh_IGS_set_mode
                0x03f9e2e4                govrh_IGS_set_RGB_swap
                0x03f9e2f8                govrh_suspend
                0x03f9e2fc                govrh_resume
                0x03f9e300                govrh_mod_init
 .text          0x03f9e5bc      0xfdc common/libcommon.a(vout.o)
                0x03f9e5bc                vout_print_entry
                0x03f9e6d8                vout_register
                0x03f9e70c                vout_get_entry
                0x03f9e724                vout_get_info_entry
                0x03f9e77c                vout_change_status
                0x03f9e7b0                vout_query_inf_support
                0x03f9e7f0                vout_inf_register
                0x03f9e860                vout_inf_get_entry
                0x03f9e8a0                vout_device_register
                0x03f9e8e0                vout_get_device
                0x03f9e8f8                vout_get_entry_adapter
                0x03f9e914                vout_get_inf_entry_adapter
                0x03f9e960                vout_info_add_entry
                0x03f9eaac                vout_info_get_entry
                0x03f9eb04                vout_info_set_fixed_timing
                0x03f9eb18                vout_check_ratio_16_9
                0x03f9eb38                vout_find_edid_support_mode
                0x03f9ec74                vout_set_framebuffer
                0x03f9ecf0                vout_set_tg_enable
                0x03f9ed5c                vout_set_blank
                0x03f9ee68                vout_set_mode
                0x03f9ef54                vout_chkplug
                0x03f9efd4                vout_inf_chkplug
                0x03f9f02c                vout_get_edid
                0x03f9f0ec                vout_find_video_mode
                0x03f9f37c                vout_config
                0x03f9f48c                vout_check_info
                0x03f9f510                vout_get_edid_option
                0x03f9f55c                vout_get_mask
 .text          0x03f9f598      0x648 common/libcommon.a(lcd.o)
                0x03f9f598                lcd_check_plugin
                0x03f9f5b0                lcd_get_edid
                0x03f9f5b8                lcd_config
                0x03f9f5ec                lcd_init
                0x03f9f6f8                lcd_set_power_down
                0x03f9f710                lcd_set_parm
                0x03f9f764                lcd_get_dev
                0x03f9f780                lcd_panel_register
                0x03f9f7ac                lcd_get_parm
                0x03f9f7dc                lcd_transmitter_register
                0x03f9f81c                get_lcd_setting
                0x03f9f98c                transmitter_enable
                0x03f9f9f4                lcd_set_mode
                0x03f9fba8                lcd_module_init
 .text          0x03f9fbe0      0x358 common/libcommon.a(lvds.o)
                0x03f9fbe0                lvds_set_power_down
                0x03f9fc24                lvds_set_enable
                0x03f9fc98                lvds_get_enable
                0x03f9fcac                lvds_set_rgb_type
                0x03f9fd04                lvds_get_colfmt
                0x03f9fd0c                lvds_set_sync_polar
                0x03f9fd44                lvds_reg_dump
                0x03f9fe98                lvds_init
 .text          0x03f9ff38     0x186c common/libcommon.a(vpp.o)
                0x03f9ff38                vpp_get_chipid
                0x03f9ff48                vpp_cache_sync
                0x03f9ff4c                vpp_set_dbg_gpio
                0x03fa0014                vpp_check_dbg_level
                0x03fa0058                vpp_mod_unregister
                0x03fa00a8                vpp_mod_register
                0x03fa015c                vpp_mod_get_base
                0x03fa0178                vpp_mod_get_fb_base
                0x03fa018c                vpp_mod_get_framebuf
                0x03fa01a0                vpp_mod_set_clock
                0x03fa0218                vpp_get_fb_field
                0x03fa0224                vpp_get_base_clock
                0x03fa0254                vpp_calculate_diff
                0x03fa0264                vpp_check_value
                0x03fa0284                vpp_show_timing
                0x03fa034c                vpp_show_framebuf
                0x03fa03ec                vpp_show_view
                0x03fa0460                vpp_trans_timing
                0x03fa05bc                vpp_mod_set_timing
                0x03fa0648                vpp_check_csc_mode
                0x03fa0690                vpp_get_gcd
                0x03fa06a8                vpp_check_scale_ratio
                0x03fa07f4                vpp_calculate_scale_ratio
                0x03fa09c4                vpp_check_bilinear_arg
                0x03fa0a8c                vpp_get_video_mode_fps
                0x03fa0b30                vpp_get_video_mode
                0x03fa0ce8                vpp_get_video_mode_ext
                0x03fa0d14                vpp_set_video_quality
                0x03fa0d18                vpp_set_vppm_int_enable
                0x03fa0d1c                vpp_reg_dump
                0x03fa0d90                vpp_convert_colfmt
                0x03fa0f04                vpp_backup_reg
                0x03fa0f54                vpp_restore_reg
                0x03fa0f94                vpp_backup_reg2
                0x03fa0fc0                vpp_restore_reg2
                0x03fa0ff0                vpp_get_sys_parameter
                0x03fa1238                vpp_init
                0x03fa1458                vpp_config
                0x03fa15c4                vpp_get_colfmt_bpp
                0x03fa1660                vpp_clr_framebuf
                0x03fa173c                vpp_calc_align
                0x03fa1764                vpp_calc_fb_width
 .text          0x03fa17a4     0x1b78 common/libcommon.a(hdmi.o)
                0x03fa17a4                hdmi_reg32_write
                0x03fa17fc                hdmi_ecc
                0x03fa18fc                hdmi_checksum
                0x03fa1948                hdmi_set_enable
                0x03fa1978                hdmi_set_dvi_enable
                0x03fa1990                hdmi_set_sync_low_active
                0x03fa19c8                hdmi_set_output_colfmt
                0x03fa1a1c                hdmi_get_output_colfmt
                0x03fa1a54                hdmi_get_plugin
                0x03fa1a68                hdmi_get_plug_status
                0x03fa1a80                hdmi_clear_plug_status
                0x03fa1ab4                hdmi_enable_plugin
                0x03fa1aec                hdmi_write_fifo
                0x03fa1b68                hdmi_read_fifo
                0x03fa1bd4                hdmi_DDC_check_status
                0x03fa1c88                hdmi_DDC_set_freq
                0x03fa1cbc                hdmi_DDC_reset
                0x03fa1cf8                hdmi_DDC_read_func
                0x03fa1fa4                hdmi_DDC_read
                0x03fa1ffc                hdmi_audio_enable
                0x03fa2014                hdmi_audio_mute
                0x03fa202c                hdmi_write_packet
                0x03fa20e8                hdmi_tx_null_packet
                0x03fa20f8                hdmi_tx_general_control_packet
                0x03fa213c                hdmi_get_pic_aspect
                0x03fa215c                hdmi_tx_avi_infoframe_packet
                0x03fa2218                hdmi_tx_audio_infoframe_packet
                0x03fa2288                hdmi_tx_vendor_specific_infoframe_packet
                0x03fa2338                hdmi_set_audio_n_cts
                0x03fa23e4                hdmi_config_audio
                0x03fa25c0                hdmi_config_video
                0x03fa25e0                hdmi_set_option
                0x03fa2664                hdmi_config
                0x03fa27ac                hdmi_set_cp_enable
                0x03fa27e4                hdmi_poll_cp_status
                0x03fa2808                hdmi_check_cp_int
                0x03fa282c                hdmi_get_bksv
                0x03fa2850                hdmi_check_plugin
                0x03fa28e0                hdmi_reg_dump
                0x03fa3170                hdmi_set_cypher
                0x03fa31b4                hdmi_init
 .text          0x03fa331c     0x1bb0 common/libcommon.a(parse-edid.o)
                0x03fa3358                edid_dump
                0x03fa33b8                edid_checksum
                0x03fa33e4                edid_parse
                0x03fa4ca8                edid_find_support
                0x03fa4eb4                edid_get_hdmi_phy_addr
 .text          0x03fa4ecc     0x12cc common/libcommon.a(vout-wmt.o)
                0x03fa5278                vo_i2c_proc
                0x03fa530c                vout_set_int_type
                0x03fa533c                vo_dvi_initial
                0x03fa5358                vo_hdmi_set_clock
                0x03fa54fc                vo_hdmi_cp_set_enable_tmr
                0x03fa568c                vo_hdmi_initial
                0x03fa56a8                vo_lvds_initial
                0x03fa56c4                vout_init_param
                0x03fa57c8                vout_check_display_info
                0x03fa5b48                vout_check_ext_device
                0x03fa5ebc                vout_check_monitor_resolution
                0x03fa6034                vout_init
                0x03fa6190                vout_exit
 .text          0x03fa6198       0x94 common/libcommon.a(lcd-lvds.o)
                0x03fa6198                lcd_lvds_get_parm
                0x03fa61b0                lcd_get_lvds_parm
                0x03fa621c                lcd_lvds_init
 .text          0x03fa622c       0x94 common/libcommon.a(lcd-ttl.o)
                0x03fa622c                lcd_ttl_get_parm
                0x03fa6244                lcd_get_ttl_parm
                0x03fa62b0                lcd_ttl_init
 .text          0x03fa62c0      0x230 common/libcommon.a(vt1632.o)
                0x03fa62c0                vt1632_config
                0x03fa62c8                vt1632_get_edid
                0x03fa62d0                vt1632_set_power_down
                0x03fa633c                vt1632_set_mode
                0x03fa63c0                vt1632_init
                0x03fa645c                vt1632_check_plugin
                0x03fa64d0                vt1632_interrupt
                0x03fa64d8                vt1632_module_init
 .text          0x03fa64f0        0x8 common/libcommon.a(sil902x.o)
                0x03fa64f0                sil902x_module_init
 .text          0x03fa64f8      0x4e4 common/libcommon.a(ch7305.o)
                0x03fa64f8                ve_ch7305_init
                0x03fa6560                ve_ch7305_power_off
                0x03fa65fc                ve_ch7305_power_on
                0x03fa6698                print_reg
                0x03fa6740                ve_ch7305_set_mode
                0x03fa69c4                ch7305_module_init
 .text          0x03fa69dc      0x180 common/libcommon.a(wmt-ost.o)
                0x03fa69dc                wmt_write_ostc
                0x03fa6a20                wmt_init_ost
                0x03fa6a80                wmt_read_ostc
                0x03fa6b18                wmt_delayus
 .text          0x03fa6b5c      0x4c0 common/libcommon.a(vpp-osif.o)
                0x03fa6b5c                inl
                0x03fa6b64                outl
                0x03fa6b6c                vppif_reg8_in
                0x03fa6b74                vppif_reg8_out
                0x03fa6b80                vppif_reg16_in
                0x03fa6b88                vppif_reg16_out
                0x03fa6b94                vppif_reg32_in
                0x03fa6b98                vppif_reg32_out
                0x03fa6bb8                vppif_reg32_write
                0x03fa6bf0                vppif_reg32_read
                0x03fa6c0c                vppif_reg32_mask
                0x03fa6c14                vpp_request_irq
                0x03fa6c1c                vpp_free_irq
                0x03fa6c20                wmt_getsyspara
                0x03fa6c78                vpp_parse_param
                0x03fa6d0c                vpp_lock
                0x03fa6d10                vpp_unlock
                0x03fa6d14                vpp_i2c_xfer
                0x03fa6d18                vpp_i2c_init
                0x03fa6d2c                vpp_i2c_release
                0x03fa6d34                vpp_i2c_set_lock
                0x03fa6d38                vpp_i2c_enhanced_ddc_read
                0x03fa6e4c                vpp_i2c_read
                0x03fa6f38                vpp_i2c_write
                0x03fa7010                DelayMS
 .text          0x03fa701c      0x8b4 common/libcommon.a(sw_i2c.o)
                0x03fa7024                wmt_swi2c_lock
                0x03fa7028                wmt_swi2c_delay
                0x03fa702c                wmt_swi2c_SetSDAInput
                0x03fa7068                wmt_swi2c_SetSDAOutput
                0x03fa70a4                wmt_swi2c_GetSDA
                0x03fa70cc                wmt_swi2c_GetSCL
                0x03fa70f4                wmt_swi2c_SetSDA
                0x03fa719c                wmt_swi2c_SetSCL
                0x03fa7244                wmt_swi2c_SetData
                0x03fa7290                wmt_swi2c_SetClock
                0x03fa72e8                wmt_swi2c_StartI2C
                0x03fa7344                wmt_swi2c_StopI2C
                0x03fa739c                wmt_swi2c_WriteAck
                0x03fa7420                wmt_swi2c_ReadAck
                0x03fa74ec                wmt_swi2c_tx
                0x03fa7548                wmt_swi2c_rx
                0x03fa75b0                wmt_swi2c_reg_bk
                0x03fa761c                wmt_swi2c_read
                0x03fa76f0                wmt_swi2c_write
                0x03fa779c                wmt_swi2c_check
 .text          0x03fa78d0      0x104 lib_generic/libgeneric.a(crc32.o)
                0x03fa78d0                crc32
 .text          0x03fa79d4        0x0 lib_generic/libgeneric.a(ctype.o)
 .text          0x03fa79d4       0xbc lib_generic/libgeneric.a(display_options.o)
                0x03fa79d4                display_options
                0x03fa79f4                print_size
 .text          0x03fa7a90      0x584 lib_generic/libgeneric.a(string.o)
                0x03fa7aac                strnicmp
                0x03fa7b20                strcpy
                0x03fa7b38                strncpy
                0x03fa7b58                strcat
                0x03fa7b84                strncat
                0x03fa7bcc                strcmp
                0x03fa7bf4                strncmp
                0x03fa7c30                strchr
                0x03fa7c64                strlen
                0x03fa7c80                strrchr
                0x03fa7cbc                strnlen
                0x03fa7ce0                strdup
                0x03fa7d14                strspn
                0x03fa7d54                strpbrk
                0x03fa7d90                strtok
                0x03fa7e08                strsep
                0x03fa7e3c                strswab
                0x03fa7e88                memset
                0x03fa7ea0                bcopy
                0x03fa7ec0                memcpy
                0x03fa7edc                memmove
                0x03fa7f20                memcmp
                0x03fa7f58                memscan
                0x03fa7f80                strstr
                0x03fa7fe0                memchr
 .text          0x03fa8014      0x860 lib_generic/libgeneric.a(vsprintf.o)
                0x03fa8270                simple_strtoul
                0x03fa8328                simple_strtol
                0x03fa8350                simple_strtoull
                0x03fa8438                vsprintf
                0x03fa8804                sprintf
                0x03fa8828                panic
 .text          0x03fa8874     0x2b80 lib_generic/libgeneric.a(zlib.o)
                0x03fa9130                adler32
                0x03fa9404                inflateReset
                0x03fa9460                inflateEnd
                0x03fa94f4                inflateInit2
                0x03fa9644                inflateInit
                0x03fa964c                inflate
                0x03fab1c8                inflateIncomp
                0x03fab2f8                inflateSync
 .text          0x03fab3f4       0x50 board/wmt/libwmt.a(wmt.o)
                0x03fab3f4                board_init
                0x03fab41c                misc_init_r
                0x03fab424                dram_init
                0x03fab440                __aeabi_unwind_cpp_pr0
 .text          0x03fab444      0x440 board/wmt/libwmt.a(flash.o)
                0x03fab444                get_boot_flash_type
                0x03fab4dc                get_boot_nor_flash_bit_type
                0x03fab50c                get_boot_nand_flash_bit_type
                0x03fab550                flash_init
                0x03fab77c                flash_print_info
                0x03fab7c8                flash_erase
                0x03fab81c                write_buff
 .text          0x03fab884       0x24 board/wmt/libwmt.a(main.o)
                0x03fab884                wmt_post
 .text          0x03fab8a8      0x6c4 board/wmt/libwmt.a(spi_flash.o)
                0x03fab974                spi_flash_init
                0x03fabc74                spi_flash_print_info
                0x03fabd2c                spi_flash_erase
                0x03fabf10                spi_write_buff
 .text          0x03fabf6c       0x1c board/wmt/libwmt.a(nand_flash.o)
                0x03fabf6c                nand_flash_init
                0x03fabf74                nand_flash_print_info
                0x03fabf78                nand_flash_erase
                0x03fabf80                nand_write_buff
 .text          0x03fabf88      0xd0c board/wmt/libwmt.a(nor_flash_8bit.o)
                0x03fabfc4                nor_flash_8b_init
                0x03fac494                nor_flash_8b_print_info
                0x03fac77c                nor_flash_8b_erase
                0x03fac9f0                nor_flash_8b_write_buff
 .text          0x03facc94     0x1134 board/wmt/libwmt.a(nor_flash_16bit.o)
                0x03faccc4                nor_flash_16b_init
                0x03fad5c0                nor_flash_16b_print_info
                0x03fad804                nor_flash_16b_erase
                0x03fada7c                nor_flash_16b_write_buff
 .text          0x03faddc8      0xe6c board/wmt/libwmt.a(wmt_clk.o)
                0x03fae158                auto_pll_divisor
                0x03faea78                manu_pll_divisor
 .text          0x03faec34     0x10d0 board/wmt/libwmt.a(ehci-hcd.o)
                0x03faed90                ehci_submit_root
                0x03faf20c                ehci_hcd_init
                0x03faf230                ehci_hcd_stop
                0x03faf240                usb_lowlevel_stop
                0x03faf244                strtochar
                0x03faf26c                ehci_config_port_owner
                0x03faf408                ehci_disable_port_owner
                0x03faf48c                ehci_detect_device
                0x03faf554                ehci_enable_port
                0x03faf63c                usb_ehci_initial
                0x03faf66c                submit_int_msg
                0x03faf674                usb_check_td
                0x03faf6bc                usb_check_bulk_td
                0x03fafa88                submit_control_msg
                0x03fafab8                submit_bulk_msg
                0x03fafaec                parse_usb_param
                0x03fafba0                usb_lowlevel_init
 .text          0x03fafd04     0x1448 board/wmt/libwmt.a(usb_uhci.o)
                0x03fafde0                usb_fill_td
                0x03fafe00                usb_fill_qh
                0x03fafe20                usb_uhci_td_stat
                0x03fafe74                usb_get_td_status
                0x03faff30                submit_uhci_control_msg
                0x03fb00d0                submit_uhci_bulk_msg
                0x03fb0254                uhci_alloc_int_td
                0x03fb0294                submit_uhci_int_msg
                0x03fb0388                reset_hc
                0x03fb03c8                start_hc
                0x03fb0548                reset_hc2
                0x03fb0588                start_hc2
                0x03fb06f4                usb_init_skel
                0x03fb0834                usb_check_skel
                0x03fb089c                usb_check_int_chain
                0x03fb0980                handle_usb_interrupt
                0x03fb09dc                uhci_lowlevel_init
                0x03fb0a90                uhci_lowlevel_stop
                0x03fb0ac4                uhci_submit_rh_msg
 .text          0x03fb114c      0x6ec board/wmt/libwmt.a(wmt_i2c.o)
                0x03fb11ac                i2c_init
                0x03fb12a0                i2c_transfer
                0x03fb1648                i2c_probe
                0x03fb1650                i2c_read
                0x03fb16ec                i2c_write
                0x03fb17a0                i2c_reg_read
                0x03fb17c0                i2c_reg_write
                0x03fb17e0                wmt_i2c_transfer
 .text          0x03fb1838      0x658 board/wmt/libwmt.a(wmt_i2c_1.o)
                0x03fb1898                i2c1_init
                0x03fb1950                i2c1_transfer
                0x03fb1cf8                i2c1_probe
                0x03fb1d00                i2c1_read
                0x03fb1d9c                i2c1_write
                0x03fb1e50                i2c1_reg_read
                0x03fb1e70                i2c1_reg_write
 .text          0x03fb1e90      0x64c board/wmt/libwmt.a(wmt_i2c_2.o)
                0x03fb1ef0                i2c2_init
                0x03fb1f9c                i2c2_transfer
                0x03fb2344                i2c2_probe
                0x03fb234c                i2c2_read
                0x03fb23e8                i2c2_write
                0x03fb249c                i2c2_reg_read
                0x03fb24bc                i2c2_reg_write
 .text          0x03fb24dc      0x654 board/wmt/libwmt.a(wmt_i2c_3.o)
                0x03fb253c                i2c3_init
                0x03fb25f0                i2c3_transfer
                0x03fb2998                i2c3_probe
                0x03fb29a0                i2c3_read
                0x03fb2a3c                i2c3_write
                0x03fb2af0                i2c3_reg_read
                0x03fb2b10                i2c3_reg_write
 .text          0x03fb2b30       0xd8 cpu/arm920t/libarm920t.a(cpu.o)
                0x03fb2b6c                cpu_init
                0x03fb2b74                cleanup_before_linux
                0x03fb2ba8                do_reset
                0x03fb2bc0                icache_enable
                0x03fb2bdc                icache_disable
                0x03fb2bf8                icache_status
 .text          0x03fb2c08      0x188 cpu/arm920t/wmt/libwmt.a(serial.o)
                0x03fb2c08                serial_putc
                0x03fb2c38                serial_puts
                0x03fb2c58                serial_getc
                0x03fb2c7c                serial_tstc
                0x03fb2c94                serial_setbrg
                0x03fb2d64                serial_init
 .text          0x03fb2d90       0x38 cpu/arm920t/wmt/libwmt.a(ether.o)
                0x03fb2d90                eth_init
                0x03fb2d94                eth_send
                0x03fb2d98                eth_rx
                0x03fb2d9c                eth_halt
                0x03fb2da0                wmt_miiphy_read
                0x03fb2db0                wmt_miiphy_write
                0x03fb2dc0                wmt_miiphy_initialize
 .text          0x03fb2dc8      0x398 cpu/arm920t/wmt/libwmt.a(macif.o)
                0x03fb2dc8                mac_startio
                0x03fb2e84                mac_send
                0x03fb2ff8                mac_receive
                0x03fb30fc                mac_halt
                0x03fb3100                mii_read
                0x03fb3130                mii_write
 .text          0x03fb3160      0x718 cpu/arm920t/wmt/libwmt.a(adapter.o)
                0x03fb3160                ADPbShutdown
                0x03fb31a4                ADPuInitAll
                0x03fb3430                CARDvSetLoopbackMode
                0x03fb345c                CARDvSetMediaLinkMode
                0x03fb364c                ADPbInitializeEx
                0x03fb3798                ADPbBind
 .text          0x03fb3878      0x434 cpu/arm920t/wmt/libwmt.a(alloct.o)
                0x03fb3878                ALCbAllocateRdrMemory
                0x03fb3948                ALCbAllocateTdrBuffer
                0x03fb39cc                ALCbAllocateTdrMemory
                0x03fb3a44                ALCvChainRdrMemory
                0x03fb3ad0                ALCvChainTdrMemory
                0x03fb3b64                ALCvFreeRdrMemory
                0x03fb3ba8                ALCvFreeTdrMemory
                0x03fb3bec                ALCvSetDefaultRD
                0x03fb3bf0                ALCvSetDefaultTD
 .text          0x03fb3cac      0x5e8 cpu/arm920t/wmt/libwmt.a(mii.o)
                0x03fb3cac                MIIbReadEmbedded
                0x03fb3d18                MIIbIsRegBitsOn
                0x03fb3d48                MIIbIsAutoNegotiationOn
                0x03fb3d54                MIIbIsRegBitsOff
                0x03fb3d80                MIIbIsInFullDuplexMode
                0x03fb3ea8                MIIbIsIn100MMode
                0x03fb3fcc                MIIbWriteEmbedded
                0x03fb4034                MIIvInitialize
                0x03fb4108                MIIvSetLoopbackMode
                0x03fb4234                MIIvWaitForNwayCompleted
 .text          0x03fb4294       0xa0 cpu/arm920t/wmt/libwmt.a(mem.o)
                0x03fb4294                MEMvAlign
                0x03fb42d0                MEMvAllocateShared
                0x03fb432c                MEMvCopy
                0x03fb4330                MEMvSet
 .text          0x03fb4334       0xec cpu/arm920t/wmt/libwmt.a(vpci.o)
                0x03fb4334                VPCIvReadB
                0x03fb4344                VPCIvReadW
                0x03fb4354                VPCIvReadD
                0x03fb4364                VPCIvWriteB
                0x03fb4370                VPCIvRegBitsOff
                0x03fb43a0                VPCIvRegBitsOn
                0x03fb43d0                VPCIvInitialize
                0x03fb4408                VPCIvWriteW
                0x03fb4414                VPCIvWriteD
 .text          0x03fb4420      0xc90 cpu/arm920t/wmt/libwmt.a(dma.o)
                0x03fb4420                disable_dma
                0x03fb443c                enable_dma
                0x03fb4470                request_dma
                0x03fb4574                clear_dma
                0x03fb45e4                free_dma
                0x03fb466c                setup_dma
                0x03fb4780                dma_busy
                0x03fb47d0                dma_complete
                0x03fb4828                handle_dma_irq
                0x03fb4888                prepare_dma_descript
                0x03fb4918                start_dma
                0x03fb4a18                prepare_dma_long_descript
                0x03fb4a60                wake_dma_channel
                0x03fb4a80                add_descript
                0x03fb4aec                init_descriptstack
                0x03fb4b9c                reset_descriptstack
                0x03fb4bdc                free_descriptstack
                0x03fb4c00                init_dma
                0x03fb4d6c                set_descript
                0x03fb4f1c                handle_transfer
 .text          0x03fb50b0     0x30f0 cpu/arm920t/wmt/libwmt.a(mmc.o)
                0x03fb50b0                Change_SD_host
                0x03fb5228                SD_Init_PDMA
                0x03fb525c                sd_init_long_desc
                0x03fb52b8                sd_pdma_handler
                0x03fb5388                sd_free_pdma
                0x03fb53a4                card_nop
                0x03fb53a8                sd_command
                0x03fb54b4                sd_send_scr
                0x03fb552c                sd_app_command
                0x03fb55c4                sd_alloc_desc_pool
                0x03fb55cc                sd_init_short_desc
                0x03fb5600                sd_init_short_desc_with_end
                0x03fb5624                sd_config_desc
                0x03fb5664                sd_dump_memory
                0x03fb5668                sd_config_pdma
                0x03fb56a8                sdmmcSwitch
                0x03fb5854                sdmmcSendExCSD
                0x03fb5920                SD_Init
                0x03fb65c8                SD_Initialization
                0x03fb6634                mmc_get_dev
                0x03fb6680                mmc_block_read_singleblock
                0x03fb6768                mmc_block_read_multiblock
                0x03fb6a00                mmc_bread
                0x03fb6a90                mmc_block_write_singleblock
                0x03fb6be0                mmc_block_write_multiblock
                0x03fb6e94                mmc_bwrite
                0x03fb6f2c                mmc_read
                0x03fb6fcc                mmc_write
                0x03fb6fd4                sd_set_clock
                0x03fb7528                mmc_ident
                0x03fb7530                mmc2info
                0x03fb7544                get_chip_version
                0x03fb75f4                SD_Controller_Powerup
                0x03fb7ed0                mmc_init
                0x03fb8144                SD_card_inserted
 .text          0x03fb81a0      0x6f4 cpu/arm920t/wmt/libwmt.a(mac.o)
                0x03fb81a0                MACbIsIn100MMode
                0x03fb81d0                MACbIsRegBitsOff
                0x03fb81e4                MACbIsCableLinkOk
                0x03fb81f0                MACbIsRegBitsOn
                0x03fb8208                MACvIsInFullDuplexMode
                0x03fb8228                MACbStop
                0x03fb8268                MACbSafeTxOff
                0x03fb82c0                MACbyReadEECSR
                0x03fb82c8                MACbyReadMIICR
                0x03fb82d0                MACbyReadMultiAddr
                0x03fb82dc                MACvWriteMultiAddr
                0x03fb82e8                MACvIntDisable
                0x03fb82f8                MACvIntEnable
                0x03fb8308                MACvEnableMiiAutoPoll
                0x03fb8354                MACvSafeDisableMiiAutoPoll
                0x03fb8380                MACvReadISR
                0x03fb8394                MACvWriteISR
                0x03fb83a4                MACvRestoreContext
                0x03fb841c                MACvSaveContext
                0x03fb8490                MACvSetDmaLength
                0x03fb84a4                MACvSetDuplexMode
                0x03fb84d0                MACvSetLoopbackMode
                0x03fb84e4                MACbSafeRxOff
                0x03fb8574                MACvSetPacketFilter
                0x03fb85d8                MACvSetRxThreshold
                0x03fb85fc                MACvGetTxThreshold
                0x03fb861c                MACvSetTxThreshold
                0x03fb8640                MACvTimer0MicroSDelay
                0x03fb867c                MACvTimer0MiniSDelay
                0x03fb86b8                MACbSoftwareReset
                0x03fb8728                MACvInitialize
                0x03fb87dc                MACbSafeSoftwareReset
                0x03fb8820                MACbSafeStop
                0x03fb8878                MACvWriteEECSR
                0x03fb8888                MACbyGetPhyId
 .text          0x03fb8894      0x44c lib_arm/libarm.a(armlinux.o)
                0x03fb89a0                do_bootm_linux
 .text          0x03fb8ce0        0x4 lib_arm/libarm.a(cache.o)
                0x03fb8ce0                flush_cache
 .text          0x03fb8ce4     0x1bcc fs/fat/libfat.a(fat.o)
                0x03fb8f38                disk_read
                0x03fb951c                disk_write
                0x03fb964c                fat_register_device
                0x03fb9798                do_fat_read
                0x03fba104                do_fat_write
                0x03fba6f0                file_fat_detectfs
                0x03fba834                file_fat_ls
                0x03fba844                file_fat_read
                0x03fba87c                file_fat_write
 .text          0x03fba8b0      0x2a8 disk/libdisk.a(part.o)
                0x03fba8b0                dev_print
                0x03fbaa50                init_part
                0x03fbaa6c                get_partition_info
                0x03fbaa94                print_part
 .text          0x03fbab58      0x4c4 disk/libdisk.a(part_dos.o)
                0x03fbaf7c                test_part_dos
                0x03fbafd0                print_part_dos
                0x03fbaffc                get_partition_info_dos
 .text          0x03fbb01c       0x74 cpu/arm920t/wmt/libwmt.a(zde.o)
                0x03fbb01c                semi_bootloados
 .text          0x03fbb090      0x20c /home/pd2/toolchain/arm_201103_gcc4.5.2/bin/../lib/gcc/arm-none-linux-gnueabi/4.5.2/libgcc.a(_udivsi3.o)
                0x03fbb090                __udivsi3
                0x03fbb090                __aeabi_uidiv
                0x03fbb27c                __aeabi_uidivmod
 .text          0x03fbb29c      0x240 /home/pd2/toolchain/arm_201103_gcc4.5.2/bin/../lib/gcc/arm-none-linux-gnueabi/4.5.2/libgcc.a(_divsi3.o)
                0x03fbb29c                __aeabi_idiv
                0x03fbb29c                __divsi3
                0x03fbb4bc                __aeabi_idivmod
 .text          0x03fbb4dc       0x1c /home/pd2/toolchain/arm_201103_gcc4.5.2/bin/../lib/gcc/arm-none-linux-gnueabi/4.5.2/libgcc.a(_lshrdi3.o)
                0x03fbb4dc                __aeabi_llsr
                0x03fbb4dc                __lshrdi3
 .text          0x03fbb4f8       0x1c /home/pd2/toolchain/arm_201103_gcc4.5.2/bin/../lib/gcc/arm-none-linux-gnueabi/4.5.2/libgcc.a(_ashldi3.o)
                0x03fbb4f8                __ashldi3
                0x03fbb4f8                __aeabi_llsl
 .text          0x03fbb514       0x10 /home/pd2/toolchain/arm_201103_gcc4.5.2/bin/../lib/gcc/arm-none-linux-gnueabi/4.5.2/libgcc.a(_dvmd_lnx.o)
                0x03fbb514                __aeabi_ldiv0
                0x03fbb514                __aeabi_idiv0

.glue_7         0x03fbb524        0x0
 .glue_7        0x00000000        0x0 linker stubs

.glue_7t        0x03fbb524        0x0
 .glue_7t       0x00000000        0x0 linker stubs

.vfp11_veneer   0x03fbb524        0x0
 .vfp11_veneer  0x00000000        0x0 linker stubs

.v4_bx          0x03fbb524        0x0
 .v4_bx         0x00000000        0x0 linker stubs
                0x03fbb524                . = ALIGN (0x4)

.rodata         0x03fbb524     0x2154
 *(.rodata)
 .rodata        0x03fbb524       0x80 cpu/arm920t/libarm920t.a(interrupts.o)
 .rodata        0x03fbb5a4       0x26 lib_arm/libarm.a(board.o)
                0x03fbb5a4                version_string
 .rodata        0x03fbb5ca        0x7 net/libnet.a(net.o)
 *fill*         0x03fbb5d1        0x3 00
 .rodata        0x03fbb5d4       0xb4 common/libcommon.a(cmd_bootm.o)
 .rodata        0x03fbb688       0x58 common/libcommon.a(cmd_mem.o)
 .rodata        0x03fbb6e0       0x10 common/libcommon.a(cmd_dma.o)
 .rodata        0x03fbb6f0      0x10c common/libcommon.a(cmd_nand.o)
 .rodata        0x03fbb7fc      0x840 common/libcommon.a(minivgui.o)
 .rodata        0x03fbc03c       0x34 common/libcommon.a(usb_storage.o)
 .rodata        0x03fbc070       0xb8 common/libcommon.a(govrh.o)
 .rodata        0x03fbc128       0xa4 common/libcommon.a(vout.o)
 .rodata        0x03fbc1cc       0x20 common/libcommon.a(lvds.o)
 .rodata        0x03fbc1ec      0xbbc common/libcommon.a(vpp.o)
                0x03fbc1ec                vpp_video_mode_table
                0x03fbcb4c                hdmi_vic_info
                0x03fbcc20                vpp_csc_parm
 .rodata        0x03fbcda8       0x9c common/libcommon.a(hdmi.o)
 .rodata        0x03fbce44       0x18 common/libcommon.a(parse-edid.o)
                0x03fbce44                edid_v1_descriptor_flag
                0x03fbce54                edid_v1_header
 .rodata        0x03fbce5c       0x5b common/libcommon.a(vout-wmt.o)
 *fill*         0x03fbceb7        0x1 00
 .rodata        0x03fbceb8       0x20 common/libcommon.a(lcd-lvds.o)
 .rodata        0x03fbced8       0x1c common/libcommon.a(lcd-ttl.o)
 .rodata        0x03fbcef4       0x46 common/libcommon.a(ch7305.o)
 .rodata        0x03fbcf3a       0x35 common/libcommon.a(vpp-osif.o)
 *fill*         0x03fbcf6f        0x1 00
 .rodata        0x03fbcf70      0x400 lib_generic/libgeneric.a(crc32.o)
 .rodata        0x03fbd370       0x90 lib_generic/libgeneric.a(zlib.o)
 .rodata        0x03fbd400        0xc board/wmt/libwmt.a(flash.o)
 .rodata        0x03fbd40c      0x21c board/wmt/libwmt.a(nor_flash_16bit.o)
 .rodata        0x03fbd628       0x3f board/wmt/libwmt.a(ehci-hcd.o)
 *fill*         0x03fbd667        0x1 00
 .rodata        0x03fbd668       0x10 cpu/arm920t/wmt/libwmt.a(alloct.o)

.rodata.str1.1  0x03fbd678     0xb2f7
 .rodata.str1.1
                0x03fbd678      0x264 cpu/arm920t/libarm920t.a(interrupts.o)
                                0x27b (size before relaxing)
 .rodata.str1.1
                0x03fbd8dc       0xff lib_arm/libarm.a(board.o)
                                0x101 (size before relaxing)
 .rodata.str1.1
                0x03fbd9db      0x1ba net/libnet.a(net.o)
                                0x1c2 (size before relaxing)
 .rodata.str1.1
                0x03fbdb95      0x174 net/libnet.a(tftp.o)
                                0x1b5 (size before relaxing)
 .rodata.str1.1
                0x03fbdd09       0xcc net/libnet.a(bootp.o)
                                 0xfc (size before relaxing)
 .rodata.str1.1
                0x03fbddd5       0x13 net/libnet.a(rarp.o)
                                 0x47 (size before relaxing)
 .rodata.str1.1
                0x03fbdde8       0xe4 net/libnet.a(nfs.o)
                                0x16c (size before relaxing)
 .rodata.str1.1
                0x03fbdecc      0x125 common/libcommon.a(main.o)
                                0x12e (size before relaxing)
 .rodata.str1.1
                0x03fbdff1       0xec common/libcommon.a(cmd_autoscript.o)
 .rodata.str1.1
                0x03fbe0dd       0xb2 common/libcommon.a(cmd_bdinfo.o)
 .rodata.str1.1
                0x03fbe18f      0x106 common/libcommon.a(cmd_boot.o)
                                0x111 (size before relaxing)
 .rodata.str1.1
                0x03fbe295      0x7a6 common/libcommon.a(cmd_bootm.o)
                                0x806 (size before relaxing)
 .rodata.str1.1
                0x03fbea3b       0x67 common/libcommon.a(cmd_console.o)
                                 0x6c (size before relaxing)
 .rodata.str1.1
                0x03fbeaa2      0x54c common/libcommon.a(cmd_fat.o)
                                0x55b (size before relaxing)
 .rodata.str1.1
                0x03fbefee      0x745 common/libcommon.a(cmd_flash.o)
                                0x75d (size before relaxing)
 .rodata.str1.1
                0x03fbf733      0x433 common/libcommon.a(cmd_i2c.o)
                                0x468 (size before relaxing)
 .rodata.str1.1
                0x03fbfb66      0x468 common/libcommon.a(cmd_ide.o)
                                0x503 (size before relaxing)
 .rodata.str1.1
                0x03fbffce       0xba common/libcommon.a(cmd_itest.o)
                                 0xca (size before relaxing)
 .rodata.str1.1
                0x03fc0088      0x2dc common/libcommon.a(cmd_load.o)
                                0x2f2 (size before relaxing)
 .rodata.str1.1
                0x03fc0364      0x64f common/libcommon.a(cmd_mem.o)
                                0x6a3 (size before relaxing)
 .rodata.str1.1
                0x03fc09b3      0x785 common/libcommon.a(cmd_mii.o)
                                0x7a6 (size before relaxing)
 .rodata.str1.1
                0x03fc1138       0x6b common/libcommon.a(cmd_misc.o)
                                 0x76 (size before relaxing)
 .rodata.str1.1
                0x03fc11a3      0x619 common/libcommon.a(cmd_mmc.o)
                                0x6b0 (size before relaxing)
 .rodata.str1.1
                0x03fc17bc       0x38 common/libcommon.a(cmd_dma.o)
                                 0xa0 (size before relaxing)
 .rodata.str1.1
                0x03fc17f4     0x1b3c common/libcommon.a(cmd_nand.o)
                               0x1c0b (size before relaxing)
 .rodata.str1.1
                0x03fc3330      0x20f common/libcommon.a(cmd_net.o)
                                0x282 (size before relaxing)
 .rodata.str1.1
                0x03fc353f      0x2c6 common/libcommon.a(cmd_nvedit.o)
                                0x350 (size before relaxing)
 .rodata.str1.1
                0x03fc3805      0x72e common/libcommon.a(cmd_usb.o)
                                0x922 (size before relaxing)
 .rodata.str1.1
                0x03fc3f33      0x2ed common/libcommon.a(command.o)
                                0x341 (size before relaxing)
 .rodata.str1.1
                0x03fc4220       0x70 common/libcommon.a(console.o)
                                 0x74 (size before relaxing)
 .rodata.str1.1
                0x03fc4290       0x2f common/libcommon.a(devices.o)
                                 0x43 (size before relaxing)
 .rodata.str1.1
                0x03fc42bf       0x33 common/libcommon.a(env_common.o)
                                 0x37 (size before relaxing)
 .rodata.str1.1
                0x03fc42f2       0x7f common/libcommon.a(env_flash.o)
                                 0x85 (size before relaxing)
 .rodata.str1.1
                0x03fc4371      0x108 common/libcommon.a(wmt_cmd_display.o)
                                0x13c (size before relaxing)
 .rodata.str1.1
                0x03fc4479       0x4a common/libcommon.a(minivgui.o)
 .rodata.str1.1
                0x03fc44c3       0xff common/libcommon.a(uboot-vpp.o)
                                0x14e (size before relaxing)
 .rodata.str1.1
                0x03fc45c2       0xe9 common/libcommon.a(cmd_mbit.o)
                                0x110 (size before relaxing)
 .rodata.str1.1
                0x03fc46ab      0x299 common/libcommon.a(cmd_textout.o)
                                0x2aa (size before relaxing)
 .rodata.str1.1
                0x03fc4944      0x28e common/libcommon.a(env_parse.o)
                                0x2b2 (size before relaxing)
 .rodata.str1.1
                0x03fc4bd2       0xf7 common/libcommon.a(flash.o)
                                0x10c (size before relaxing)
 .rodata.str1.1
                0x03fc4cc9      0x14b common/libcommon.a(hush.o)
                                0x1ae (size before relaxing)
 .rodata.str1.1
                0x03fc4e14      0x174 common/libcommon.a(miiphyutil.o)
                                0x176 (size before relaxing)
 .rodata.str1.1
                0x03fc4f88      0x29e common/libcommon.a(usb.o)
 .rodata.str1.1
                0x03fc5226      0x1cc common/libcommon.a(usb_storage.o)
                                0x1de (size before relaxing)
 .rodata.str1.1
                0x03fc53f2       0x1b common/libcommon.a(pwm.o)
 .rodata.str1.1
                0x03fc540d      0x39b common/libcommon.a(govrh.o)
                                0x3c6 (size before relaxing)
 .rodata.str1.1
                0x03fc57a8      0x1e0 common/libcommon.a(vout.o)
                                0x20d (size before relaxing)
 .rodata.str1.1
                0x03fc5988       0x9b common/libcommon.a(lcd.o)
 .rodata.str1.1
                0x03fc5a23       0xd1 common/libcommon.a(lvds.o)
 .rodata.str1.1
                0x03fc5af4      0x391 common/libcommon.a(vpp.o)
                                0x3a6 (size before relaxing)
 .rodata.str1.1
                0x03fc5e85      0x4e3 common/libcommon.a(hdmi.o)
                                0x4ea (size before relaxing)
 .rodata.str1.1
                0x03fc6368      0x9aa common/libcommon.a(parse-edid.o)
                                0x9ba (size before relaxing)
 .rodata.str1.1
                0x03fc6d12      0x27d common/libcommon.a(vout-wmt.o)
 .rodata.str1.1
                0x03fc6f8f       0x65 common/libcommon.a(lcd-lvds.o)
 .rodata.str1.1
                0x03fc6ff4       0x68 common/libcommon.a(lcd-ttl.o)
 .rodata.str1.1
                0x03fc705c       0x2e common/libcommon.a(vt1632.o)
                                 0x35 (size before relaxing)
 .rodata.str1.1
                0x03fc708a       0x88 common/libcommon.a(ch7305.o)
                                 0xb8 (size before relaxing)
 .rodata.str1.1
                0x03fc7112       0x32 common/libcommon.a(wmt-ost.o)
 .rodata.str1.1
                0x03fc7144       0x24 common/libcommon.a(vpp-osif.o)
 .rodata.str1.1
                0x03fc7168       0x40 common/libcommon.a(sw_i2c.o)
                                 0x41 (size before relaxing)
 .rodata.str1.1
                0x03fc71a8       0x18 lib_generic/libgeneric.a(display_options.o)
 .rodata.str1.1
                0x03fc71c0       0x51 lib_generic/libgeneric.a(vsprintf.o)
 .rodata.str1.1
                0x03fc7211      0x1f3 lib_generic/libgeneric.a(zlib.o)
                                0x1f4 (size before relaxing)
 .rodata.str1.1
                0x03fc7404       0x9c board/wmt/libwmt.a(flash.o)
                                 0x9e (size before relaxing)
 .rodata.str1.1
                0x03fc74a0      0x273 board/wmt/libwmt.a(spi_flash.o)
                                0x294 (size before relaxing)
 .rodata.str1.1
                0x03fc7713      0x29b board/wmt/libwmt.a(nor_flash_8bit.o)
                                0x325 (size before relaxing)
 .rodata.str1.1
                0x03fc79ae      0x102 board/wmt/libwmt.a(nor_flash_16bit.o)
                                0x3ce (size before relaxing)
 .rodata.str1.1
                0x03fc7ab0      0x1e1 board/wmt/libwmt.a(wmt_clk.o)
 .rodata.str1.1
                0x03fc7c91      0x11a board/wmt/libwmt.a(ehci-hcd.o)
 .rodata.str1.1
                0x03fc7dab      0x32a board/wmt/libwmt.a(usb_uhci.o)
                                0x32c (size before relaxing)
 .rodata.str1.1
                0x03fc80d5       0x1d board/wmt/libwmt.a(wmt_i2c.o)
 .rodata.str1.1
                0x03fc80f2       0xb9 cpu/arm920t/wmt/libwmt.a(macif.o)
 .rodata.str1.1
                0x03fc81ab       0x73 cpu/arm920t/wmt/libwmt.a(adapter.o)
 .rodata.str1.1
                0x03fc821e       0x36 cpu/arm920t/wmt/libwmt.a(alloct.o)
 .rodata.str1.1
                0x03fc8254      0x11a cpu/arm920t/wmt/libwmt.a(dma.o)
 .rodata.str1.1
                0x03fc836e      0x16a cpu/arm920t/wmt/libwmt.a(mmc.o)
 .rodata.str1.1
                0x00000000        0x2 cpu/arm920t/wmt/libwmt.a(mac.o)
 .rodata.str1.1
                0x03fc84d8      0x10b lib_arm/libarm.a(armlinux.o)
                                0x17a (size before relaxing)
 .rodata.str1.1
                0x03fc85e3      0x150 fs/fat/libfat.a(fat.o)
                                0x1c3 (size before relaxing)
 .rodata.str1.1
                0x03fc8733      0x152 disk/libdisk.a(part.o)
                                0x17a (size before relaxing)
 .rodata.str1.1
                0x03fc8885       0xea disk/libdisk.a(part_dos.o)
                                 0xf6 (size before relaxing)
                0x03fc8970                . = ALIGN (0x4)

.data           0x03fc8970     0x5b5c
 *(.data)
 .data          0x03fc8970        0x0 cpu/arm920t/start.o
 .data          0x03fc8970        0x0 board/wmt/libwmt.a(lowlevel_init.o)
 .data          0x03fc8970        0x0 cpu/arm920t/libarm920t.a(interrupts.o)
 .data          0x03fc8970        0x0 cpu/arm920t/wmt/libwmt.a(interrupts.o)
 .data          0x03fc8970       0x2c lib_arm/libarm.a(board.o)
                0x03fc8970                init_sequence
 .data          0x03fc899c        0xa net/libnet.a(net.o)
                0x03fc899c                NetOurVLAN
                0x03fc899e                NetBcastAddr
                0x03fc89a4                NetOurNativeVLAN
 .data          0x03fc89a6        0x0 net/libnet.a(tftp.o)
 .data          0x03fc89a6        0x0 net/libnet.a(bootp.o)
 .data          0x03fc89a6        0x0 net/libnet.a(rarp.o)
 .data          0x03fc89a6        0x0 net/libnet.a(eth.o)
 *fill*         0x03fc89a6        0x2 00
 .data          0x03fc89a8        0x4 net/libnet.a(nfs.o)
 .data          0x03fc89ac        0xd common/libcommon.a(main.o)
 .data          0x03fc89b9        0x0 common/libcommon.a(cmd_autoscript.o)
 .data          0x03fc89b9        0x0 common/libcommon.a(cmd_bdinfo.o)
 .data          0x03fc89b9        0x0 common/libcommon.a(cmd_boot.o)
 *fill*         0x03fc89b9        0x3 00
 .data          0x03fc89bc        0x4 common/libcommon.a(cmd_bootm.o)
                0x03fc89bc                load_addr
 .data          0x03fc89c0        0x0 common/libcommon.a(cmd_console.o)
 .data          0x03fc89c0        0x0 common/libcommon.a(cmd_fat.o)
 .data          0x03fc89c0        0x0 common/libcommon.a(cmd_flash.o)
 .data          0x03fc89c0        0x4 common/libcommon.a(cmd_i2c.o)
 .data          0x03fc89c4        0x4 common/libcommon.a(cmd_ide.o)
 .data          0x03fc89c8       0x68 common/libcommon.a(cmd_itest.o)
                0x03fc89c8                op_table
 .data          0x03fc8a30        0x4 common/libcommon.a(cmd_load.o)
 .data          0x03fc8a34        0x4 common/libcommon.a(cmd_mem.o)
                0x03fc8a34                dp_last_length
 .data          0x03fc8a38      0x2e8 common/libcommon.a(cmd_mii.o)
                0x03fc8a38                reg_0_5_desc_tbl
                0x03fc8a68                desc_and_len_tbl
                0x03fc8a98                reg_0_desc_tbl
                0x03fc8b10                reg_1_desc_tbl
                0x03fc8bd0                reg_2_desc_tbl
                0x03fc8bdc                reg_3_desc_tbl
                0x03fc8c00                reg_4_desc_tbl
                0x03fc8c90                reg_5_desc_tbl
 .data          0x03fc8d20        0x0 common/libcommon.a(cmd_misc.o)
 .data          0x03fc8d20        0x4 common/libcommon.a(cmd_mmc.o)
 .data          0x03fc8d24        0x4 common/libcommon.a(cmd_dma.o)
                0x03fc8d24                pDma_Reg
 .data          0x03fc8d28     0x3c44 common/libcommon.a(cmd_nand.o)
                0x03fc8d28                rdmz
                0x03fcae2c                eslc_map_table
                0x03fcbc4c                chip_table
 .data          0x03fcc96c        0x0 common/libcommon.a(cmd_net.o)
 .data          0x03fcc96c        0x0 common/libcommon.a(cmd_nvedit.o)
 .data          0x03fcc96c        0x4 common/libcommon.a(cmd_usb.o)
 .data          0x03fcc970        0x0 common/libcommon.a(command.o)
 .data          0x03fcc970        0x0 common/libcommon.a(console.o)
 .data          0x03fcc970        0xc common/libcommon.a(devices.o)
                0x03fcc970                stdio_names
 .data          0x03fcc97c      0x414 common/libcommon.a(dlmalloc.o)
 .data          0x03fccd90      0x138 common/libcommon.a(env_common.o)
                0x03fccd90                default_environment
                0x03fccec4                env_get_char
 .data          0x03fccec8       0x18 common/libcommon.a(env_flash.o)
                0x03fcced8                env_ptr
                0x03fccedc                env_name_spec
 .data          0x03fccee0        0x0 common/libcommon.a(exports.o)
 .data          0x03fccee0        0x0 common/libcommon.a(wmt_cmd_display.o)
 .data          0x03fccee0        0x0 common/libcommon.a(minivgui.o)
 .data          0x03fccee0       0xc0 common/libcommon.a(uboot-vpp.o)
                0x03fccee0                vfb_var
                0x03fccf80                video_str
 .data          0x03fccfa0        0x0 common/libcommon.a(cmd_mbit.o)
 .data          0x03fccfa0        0x8 common/libcommon.a(cmd_textout.o)
                0x03fccfa0                text_x
                0x03fccfa4                text_y
 .data          0x03fccfa8        0x0 common/libcommon.a(env_parse.o)
 .data          0x03fccfa8        0x0 common/libcommon.a(flash.o)
 .data          0x03fccfa8       0x84 common/libcommon.a(hush.o)
 .data          0x03fcd02c        0x0 common/libcommon.a(lists.o)
 .data          0x03fcd02c        0x0 common/libcommon.a(miiphyutil.o)
 .data          0x03fcd02c        0x0 common/libcommon.a(s_record.o)
 .data          0x03fcd02c        0x0 common/libcommon.a(usb.o)
 .data          0x03fcd02c       0x24 common/libcommon.a(usb_storage.o)
                0x03fcd02c                us_direction
                0x03fcd04c                CBWTag
 .data          0x03fcd050        0x0 common/libcommon.a(pwm.o)
 .data          0x03fcd050        0x0 common/libcommon.a(govrh.o)
 .data          0x03fcd050       0x3c common/libcommon.a(vout.o)
                0x03fcd050                vout_inf_str
                0x03fcd068                vout_adpt_str
 .data          0x03fcd08c       0x48 common/libcommon.a(lcd.o)
                0x03fcd08c                lcd_panel_id
                0x03fcd090                lcd_vout_dev_ops
                0x03fcd0d0                lcd_panel_on
 .data          0x03fcd0d4        0x0 common/libcommon.a(lvds.o)
 .data          0x03fcd0d4       0xbc common/libcommon.a(vpp.o)
                0x03fcd0d4                vpp_colfmt_str
                0x03fcd108                vpp_vo_boot_arg
                0x03fcd120                vpp_vo_boot_arg2
                0x03fcd138                vpp_vpath_str
                0x03fcd158                vpp_mod_str
 .data          0x03fcd190        0x0 common/libcommon.a(hdmi.o)
 .data          0x03fcd190       0xcc common/libcommon.a(parse-edid.o)
                0x03fcd190                edid_establish_timing
 .data          0x03fcd25c      0x7d4 common/libcommon.a(vout-wmt.o)
                0x03fcd25c                vo_swi2c_dvi
                0x03fcd264                vo_dvi_inf
                0x03fcd280                vo_hdmi_inf
                0x03fcd29c                vo_lvds_inf
                0x03fcd2b8                vout_entry_0
                0x03fcd654                vout_entry_1
                0x03fcd9f0                vout_sys_parm_str
                0x03fcd9f8                vo_gpio_scl
                0x03fcda14                vo_gpio_sda
 .data          0x03fcda30      0x1c0 common/libcommon.a(lcd-lvds.o)
                0x03fcda30                lcd_lvds_parm_800x480_60
                0x03fcda70                lcd_lvds_parm_800x480_48
                0x03fcdab0                lcd_lvds_parm_800x600_60
                0x03fcdaf0                lcd_lvds_parm_1024x600_60
                0x03fcdb30                lcd_lvds_parm_1024x768_60
                0x03fcdb70                lcd_lvds_parm_1366x768_60
                0x03fcdbb0                lcd_lvds_parm_1680x1050_60
 .data          0x03fcdbf0      0x180 common/libcommon.a(lcd-ttl.o)
                0x03fcdbf0                lcd_ttl_parm_800x480_60
                0x03fcdc30                lcd_ttl_parm_800x480_48
                0x03fcdc70                lcd_ttl_parm_800x600_60
                0x03fcdcb0                lcd_ttl_parm_1024x600_60
                0x03fcdcf0                lcd_ttl_parm_1024x768_60
                0x03fcdd30                lcd_ttl_parm_1366x768_60
 .data          0x03fcdd70       0x40 common/libcommon.a(vt1632.o)
                0x03fcdd70                vt1632_vout_dev_ops
 .data          0x03fcddb0        0x0 common/libcommon.a(sil902x.o)
 .data          0x03fcddb0       0x18 common/libcommon.a(ch7305.o)
                0x03fcddb0                ch7305_lcd_transmitter_ops
 .data          0x03fcddc8        0x0 common/libcommon.a(wmt-ost.o)
 .data          0x03fcddc8        0x0 common/libcommon.a(vpp-osif.o)
 .data          0x03fcddc8        0x0 common/libcommon.a(sw_i2c.o)
 .data          0x03fcddc8        0x0 lib_generic/libgeneric.a(crc32.o)
 .data          0x03fcddc8      0x100 lib_generic/libgeneric.a(ctype.o)
                0x03fcddc8                _ctype
 .data          0x03fcdec8        0x0 lib_generic/libgeneric.a(display_options.o)
 .data          0x03fcdec8        0x0 lib_generic/libgeneric.a(string.o)
 .data          0x03fcdec8        0x0 lib_generic/libgeneric.a(vsprintf.o)
 .data          0x03fcdec8      0x210 lib_generic/libgeneric.a(zlib.o)
                0x03fce0b4                zlib_version
                0x03fce0b8                z_errmsg
 .data          0x03fce0d8        0x0 board/wmt/libwmt.a(wmt.o)
 .data          0x03fce0d8        0xc board/wmt/libwmt.a(flash.o)
                0x03fce0d8                flash_type
                0x03fce0dc                nor_flash_bit
                0x03fce0e0                nand_flash_bit
 .data          0x03fce0e4        0x0 board/wmt/libwmt.a(main.o)
 .data          0x03fce0e4      0x120 board/wmt/libwmt.a(spi_flash.o)
                0x03fce0e4                sf_ids
 .data          0x03fce204        0x0 board/wmt/libwmt.a(nand_flash.o)
 .data          0x03fce204        0x0 board/wmt/libwmt.a(nor_flash_8bit.o)
 .data          0x03fce204        0x0 board/wmt/libwmt.a(nor_flash_16bit.o)
 .data          0x03fce204        0x0 board/wmt/libwmt.a(wmt_clk.o)
 .data          0x03fce204       0x38 board/wmt/libwmt.a(ehci-hcd.o)
                0x03fce23a                usb_sel
                0x03fce23b                ConnectPort
 .data          0x03fce23c       0x58 board/wmt/libwmt.a(usb_uhci.o)
                0x03fce23c                usb_base_addr
 .data          0x03fce294        0x0 board/wmt/libwmt.a(wmt_i2c.o)
 .data          0x03fce294        0x0 board/wmt/libwmt.a(wmt_i2c_1.o)
 .data          0x03fce294        0x0 board/wmt/libwmt.a(wmt_i2c_2.o)
 .data          0x03fce294        0x0 board/wmt/libwmt.a(wmt_i2c_3.o)
 .data          0x03fce294        0x0 cpu/arm920t/libarm920t.a(cpu.o)
 .data          0x03fce294        0x8 cpu/arm920t/wmt/libwmt.a(serial.o)
                0x03fce294                pUart_Reg
                0x03fce298                pGpioReg
 .data          0x03fce29c        0x0 cpu/arm920t/wmt/libwmt.a(ether.o)
 .data          0x03fce29c        0x0 cpu/arm920t/wmt/libwmt.a(macif.o)
 .data          0x03fce29c        0x0 cpu/arm920t/wmt/libwmt.a(adapter.o)
 .data          0x03fce29c        0x0 cpu/arm920t/wmt/libwmt.a(alloct.o)
 .data          0x03fce29c        0x0 cpu/arm920t/wmt/libwmt.a(mii.o)
 .data          0x03fce29c        0x0 cpu/arm920t/wmt/libwmt.a(mem.o)
 .data          0x03fce29c        0x0 cpu/arm920t/wmt/libwmt.a(vpci.o)
 .data          0x03fce29c      0x220 cpu/arm920t/wmt/libwmt.a(dma.o)
                0x03fce29c                dma_device_cfg_table
 .data          0x03fce4bc        0xc cpu/arm920t/wmt/libwmt.a(mmc.o)
                0x03fce4bc                pSd_Reg
                0x03fce4c0                pSd_PDma_Reg
                0x03fce4c4                GpioReg
 .data          0x03fce4c8        0x0 cpu/arm920t/wmt/libwmt.a(mac.o)
 .data          0x03fce4c8        0x0 lib_arm/libarm.a(armlinux.o)
 .data          0x03fce4c8        0x0 lib_arm/libarm.a(cache.o)
 .data          0x03fce4c8        0x4 fs/fat/libfat.a(fat.o)
 .data          0x03fce4cc        0x0 disk/libdisk.a(part.o)
 .data          0x03fce4cc        0x0 disk/libdisk.a(part_dos.o)
 .data          0x03fce4cc        0x0 cpu/arm920t/wmt/libwmt.a(zde.o)
 .data          0x03fce4cc        0x0 /home/pd2/toolchain/arm_201103_gcc4.5.2/bin/../lib/gcc/arm-none-linux-gnueabi/4.5.2/libgcc.a(_udivsi3.o)
 .data          0x03fce4cc        0x0 /home/pd2/toolchain/arm_201103_gcc4.5.2/bin/../lib/gcc/arm-none-linux-gnueabi/4.5.2/libgcc.a(_divsi3.o)
 .data          0x03fce4cc        0x0 /home/pd2/toolchain/arm_201103_gcc4.5.2/bin/../lib/gcc/arm-none-linux-gnueabi/4.5.2/libgcc.a(_lshrdi3.o)
 .data          0x03fce4cc        0x0 /home/pd2/toolchain/arm_201103_gcc4.5.2/bin/../lib/gcc/arm-none-linux-gnueabi/4.5.2/libgcc.a(_ashldi3.o)
 .data          0x03fce4cc        0x0 /home/pd2/toolchain/arm_201103_gcc4.5.2/bin/../lib/gcc/arm-none-linux-gnueabi/4.5.2/libgcc.a(_dvmd_lnx.o)
                0x03fce4cc                . = ALIGN (0x4)

.got
 *(.got)
                0x03fce4cc                __u_boot_cmd_start = .

.u_boot_cmd     0x03fce4cc      0x7c4
 *(.u_boot_cmd)
 .u_boot_cmd    0x03fce4cc       0x1c common/libcommon.a(cmd_autoscript.o)
                0x03fce4cc                __u_boot_cmd_autoscr